Archive member included to satisfy reference by file (symbol)

/usr/lib/gcc/arm-none-eabi/14.2.0/../../../../arm-none-eabi/lib/thumb/v7e-m+fp/hard/libc_nano.a(libc_a-atexit.o)
                              /usr/lib/gcc/arm-none-eabi/14.2.0/../../../../arm-none-eabi/lib/thumb/v7e-m+fp/hard/crt0.o (atexit)
/usr/lib/gcc/arm-none-eabi/14.2.0/../../../../arm-none-eabi/lib/thumb/v7e-m+fp/hard/libc_nano.a(libc_a-exit.o)
                              /usr/lib/gcc/arm-none-eabi/14.2.0/../../../../arm-none-eabi/lib/thumb/v7e-m+fp/hard/crt0.o (exit)
/usr/lib/gcc/arm-none-eabi/14.2.0/../../../../arm-none-eabi/lib/thumb/v7e-m+fp/hard/libc_nano.a(libc_a-itoa.o)
                              ./Core/Src/ApplicationCode.o (itoa)
/usr/lib/gcc/arm-none-eabi/14.2.0/../../../../arm-none-eabi/lib/thumb/v7e-m+fp/hard/libc_nano.a(libc_a-malloc.o)
                              ./Core/Src/ApplicationCode.o (malloc)
/usr/lib/gcc/arm-none-eabi/14.2.0/../../../../arm-none-eabi/lib/thumb/v7e-m+fp/hard/libc_nano.a(libc_a-mallocr.o)
                              /usr/lib/gcc/arm-none-eabi/14.2.0/../../../../arm-none-eabi/lib/thumb/v7e-m+fp/hard/libc_nano.a(libc_a-malloc.o) (_malloc_r)
/usr/lib/gcc/arm-none-eabi/14.2.0/../../../../arm-none-eabi/lib/thumb/v7e-m+fp/hard/libc_nano.a(libc_a-mlock.o)
                              /usr/lib/gcc/arm-none-eabi/14.2.0/../../../../arm-none-eabi/lib/thumb/v7e-m+fp/hard/libc_nano.a(libc_a-mallocr.o) (__malloc_lock)
/usr/lib/gcc/arm-none-eabi/14.2.0/../../../../arm-none-eabi/lib/thumb/v7e-m+fp/hard/libc_nano.a(libc_a-utoa.o)
                              /usr/lib/gcc/arm-none-eabi/14.2.0/../../../../arm-none-eabi/lib/thumb/v7e-m+fp/hard/libc_nano.a(libc_a-itoa.o) (__utoa)
/usr/lib/gcc/arm-none-eabi/14.2.0/../../../../arm-none-eabi/lib/thumb/v7e-m+fp/hard/libc_nano.a(libc_a-findfp.o)
                              ./Middlewares/Third_Party/FreeRTOS/Source/tasks.o (__sf)
/usr/lib/gcc/arm-none-eabi/14.2.0/../../../../arm-none-eabi/lib/thumb/v7e-m+fp/hard/libc_nano.a(libc_a-fwalk.o)
                              /usr/lib/gcc/arm-none-eabi/14.2.0/../../../../arm-none-eabi/lib/thumb/v7e-m+fp/hard/libc_nano.a(libc_a-findfp.o) (_fwalk_sglue)
/usr/lib/gcc/arm-none-eabi/14.2.0/../../../../arm-none-eabi/lib/thumb/v7e-m+fp/hard/libc_nano.a(libc_a-stdio.o)
                              /usr/lib/gcc/arm-none-eabi/14.2.0/../../../../arm-none-eabi/lib/thumb/v7e-m+fp/hard/libc_nano.a(libc_a-findfp.o) (__sread)
/usr/lib/gcc/arm-none-eabi/14.2.0/../../../../arm-none-eabi/lib/thumb/v7e-m+fp/hard/libc_nano.a(libc_a-memcmp.o)
                              ./Middlewares/Third_Party/FreeRTOS/Source/tasks.o (memcmp)
/usr/lib/gcc/arm-none-eabi/14.2.0/../../../../arm-none-eabi/lib/thumb/v7e-m+fp/hard/libc_nano.a(libc_a-memset.o)
                              /usr/lib/gcc/arm-none-eabi/14.2.0/../../../../arm-none-eabi/lib/thumb/v7e-m+fp/hard/crt0.o (memset)
/usr/lib/gcc/arm-none-eabi/14.2.0/../../../../arm-none-eabi/lib/thumb/v7e-m+fp/hard/libc_nano.a(libc_a-closer.o)
                              /usr/lib/gcc/arm-none-eabi/14.2.0/../../../../arm-none-eabi/lib/thumb/v7e-m+fp/hard/libc_nano.a(libc_a-stdio.o) (_close_r)
/usr/lib/gcc/arm-none-eabi/14.2.0/../../../../arm-none-eabi/lib/thumb/v7e-m+fp/hard/libc_nano.a(libc_a-reent.o)
                              ./Middlewares/Third_Party/FreeRTOS/Source/tasks.o (_reclaim_reent)
/usr/lib/gcc/arm-none-eabi/14.2.0/../../../../arm-none-eabi/lib/thumb/v7e-m+fp/hard/libc_nano.a(libc_a-impure.o)
                              ./Middlewares/Third_Party/FreeRTOS/Source/tasks.o (_impure_ptr)
/usr/lib/gcc/arm-none-eabi/14.2.0/../../../../arm-none-eabi/lib/thumb/v7e-m+fp/hard/libc_nano.a(libc_a-lseekr.o)
                              /usr/lib/gcc/arm-none-eabi/14.2.0/../../../../arm-none-eabi/lib/thumb/v7e-m+fp/hard/libc_nano.a(libc_a-stdio.o) (_lseek_r)
/usr/lib/gcc/arm-none-eabi/14.2.0/../../../../arm-none-eabi/lib/thumb/v7e-m+fp/hard/libc_nano.a(libc_a-readr.o)
                              /usr/lib/gcc/arm-none-eabi/14.2.0/../../../../arm-none-eabi/lib/thumb/v7e-m+fp/hard/libc_nano.a(libc_a-stdio.o) (_read_r)
/usr/lib/gcc/arm-none-eabi/14.2.0/../../../../arm-none-eabi/lib/thumb/v7e-m+fp/hard/libc_nano.a(libc_a-sbrkr.o)
                              /usr/lib/gcc/arm-none-eabi/14.2.0/../../../../arm-none-eabi/lib/thumb/v7e-m+fp/hard/libc_nano.a(libc_a-mallocr.o) (_sbrk_r)
/usr/lib/gcc/arm-none-eabi/14.2.0/../../../../arm-none-eabi/lib/thumb/v7e-m+fp/hard/libc_nano.a(libc_a-writer.o)
                              /usr/lib/gcc/arm-none-eabi/14.2.0/../../../../arm-none-eabi/lib/thumb/v7e-m+fp/hard/libc_nano.a(libc_a-stdio.o) (_write_r)
/usr/lib/gcc/arm-none-eabi/14.2.0/../../../../arm-none-eabi/lib/thumb/v7e-m+fp/hard/libc_nano.a(libc_a-errno.o)
                              ./Core/Src/syscalls.o (__errno)
/usr/lib/gcc/arm-none-eabi/14.2.0/../../../../arm-none-eabi/lib/thumb/v7e-m+fp/hard/libc_nano.a(libc_a-init.o)
[...]
Memory Configuration

Name             Origin             Length             Attributes
CCMRAM           0x10000000         0x00010000         xrw
RAM              0x20000000         0x00030000         xrw
FLASH            0x08000000         0x00200000         xr
*default*        0x00000000         0xffffffff

Linker script and memory map

LOAD /usr/lib/gcc/arm-none-eabi/14.2.0/thumb/v7e-m+fp/hard/crti.o
LOAD /usr/lib/gcc/arm-none-eabi/14.2.0/thumb/v7e-m+fp/hard/crtbegin.o
LOAD /usr/lib/gcc/arm-none-eabi/14.2.0/../../../../arm-none-eabi/lib/thumb/v7e-m+fp/hard/crt0.o
LOAD ./Core/Src/ApplicationCode.o
LOAD ./Core/Src/ApplicationCode_touch_bak.o
LOAD ./Core/Src/Gyro_Driver.o
LOAD ./Core/Src/LCD_Driver.o
LOAD ./Core/Src/fonts.o
LOAD ./Core/Src/freertos.o
LOAD ./Core/Src/main.o
LOAD ./Core/Src/stm32f4xx_hal_msp.o
LOAD ./Core/Src/stm32f4xx_it.o
LOAD ./Core/Src/stmpe811.o
LOAD ./Core/Src/syscalls.o
LOAD ./Core/Src/sysmem.o
LOAD ./Core/Src/system_stm32f4xx.o
LOAD ./Core/Startup/startup_stm32f429zitx.o
LOAD ./Drivers/STM32F4xx_HAL_Driver/Src/stm32f4xx_hal.o
LOAD ./Drivers/STM32F4xx_HAL_Driver/Src/stm32f4xx_hal_cortex.o
LOAD ./Drivers/STM32F4xx_HAL_Driver/Src/stm32f4xx_hal_dma.o
LOAD ./Drivers/STM32F4xx_HAL_Driver/Src/stm32f4xx_hal_dma2d.o
LOAD ./Drivers/STM32F4xx_HAL_Driver/Src/stm32f4xx_hal_dma_ex.o
LOAD ./Drivers/STM32F4xx_HAL_Driver/Src/stm32f4xx_hal_dsi.o
LOAD ./Drivers/STM32F4xx_HAL_Driver/Src/stm32f4xx_hal_exti.o
LOAD ./Drivers/STM32F4xx_HAL_Driver/Src/stm32f4xx_hal_flash.o
LOAD ./Drivers/STM32F4xx_HAL_Driver/Src/stm32f4xx_hal_flash_ex.o
LOAD ./Drivers/STM32F4xx_HAL_Driver/Src/stm32f4xx_hal_flash_ramfunc.o
LOAD ./Drivers/STM32F4xx_HAL_Driver/Src/stm32f4xx_hal_gpio.o
LOAD ./Drivers/STM32F4xx_HAL_Driver/Src/stm32f4xx_hal_i2c.o
LOAD ./Drivers/STM32F4xx_HAL_Driver/Src/stm32f4xx_hal_i2c_ex.o
LOAD ./Drivers/STM32F4xx_HAL_Driver/Src/stm32f4xx_hal_ltdc.o
LOAD ./Drivers/STM32F4xx_HAL_Driver/Src/stm32f4xx_hal_ltdc_ex.o
LOAD ./Drivers/STM32F4xx_HAL_Driver/Src/stm32f4xx_hal_pwr.o
LOAD ./Drivers/STM32F4xx_HAL_Driver/Src/stm32f4xx_hal_pwr_ex.o
LOAD ./Drivers/STM32F4xx_HAL_Driver/Src/stm32f4xx_hal_rcc.o
LOAD ./Drivers/STM32F4xx_HAL_Driver/Src/stm32f4xx_hal_rcc_ex.o
LOAD ./Drivers/STM32F4xx_HAL_Driver/Src/stm32f4xx_hal_rng.o
LOAD ./Drivers/STM32F4xx_HAL_Driver/Src/stm32f4xx_hal_sdram.o
LOAD ./Drivers/STM32F4xx_HAL_Driver/Src/stm32f4xx_hal_spi.o
LOAD ./Drivers/STM32F4xx_HAL_Driver/Src/stm32f4xx_hal_tim.o
LOAD ./Drivers/STM32F4xx_HAL_Driver/Src/stm32f4xx_hal_tim_ex.o
LOAD ./Drivers/STM32F4xx_HAL_Driver/Src/stm32f4xx_ll_fmc.o
LOAD ./Middlewares/Third_Party/FreeRTOS/Source/CMSIS_RTOS_V2/cmsis_os2.o
LOAD ./Middlewares/Third_Party/FreeRTOS/Source/croutine.o
LOAD ./Middlewares/Third_Party/FreeRTOS/Source/event_groups.o
LOAD ./Middlewares/Third_Party/FreeRTOS/Source/list.o
LOAD ./Middlewares/Third_Party/FreeRTOS/Source/queue.o
LOAD ./Middlewares/Third_Party/FreeRTOS/Source/stream_buffer.o
LOAD ./Middlewares/Third_Party/FreeRTOS/Source/tasks.o
LOAD ./Middlewares/Third_Party/FreeRTOS/Source/timers.o
LOAD ./Middlewares/Third_Party/FreeRTOS/Source/portable/GCC/ARM_CM4F/port.o
LOAD ./Middlewares/Third_Party/FreeRTOS/Source/portable/MemMang/heap_4.o
LOAD ./Middlewares/Third_Party/SystemView/SEGGER/SEGGER_RTT.o
LOAD ./Middlewares/Third_Party/SystemView/SEGGER/SEGGER_RTT_ASM_ARMv7M.o
LOAD ./Middlewares/Third_Party/SystemView/SEGGER/SEGGER_RTT_printf.o
LOAD ./Middlewares/Third_Party/SystemView/SEGGER/SEGGER_SYSVIEW.o
LOAD ./Middlewares/Third_Party/SystemView/Sample/FreeRTOS/Config/SEGGER_SYSVIEW_Config_FreeRTOS.o
LOAD ./Middlewares/Third_Party/SystemView/Sample/FreeRTOS/SEGGER_SYSVIEW_FreeRTOS.o
START GROUP
LOAD /usr/lib/gcc/arm-none-eabi/14.2.0/../../../../arm-none-eabi/lib/thumb/v7e-m+fp/hard/libc_nano.a
LOAD /usr/lib/gcc/arm-none-eabi/14.2.0/../../../../arm-none-eabi/lib/thumb/v7e-m+fp/hard/libm.a
END GROUP
START GROUP
LOAD /usr/lib/gcc/arm-none-eabi/14.2.0/thumb/v7e-m+fp/hard/libgcc.a
LOAD /usr/lib/gcc/arm-none-eabi/14.2.0/../../../../arm-none-eabi/lib/thumb/v7e-m+fp/hard/libc_nano.a
END GROUP
START GROUP
LOAD /usr/lib/gcc/arm-none-eabi/14.2.0/thumb/v7e-m+fp/hard/libgcc.a
LOAD /usr/lib/gcc/arm-none-eabi/14.2.0/../../../../arm-none-eabi/lib/thumb/v7e-m+fp/hard/libc_nano.a
LOAD /usr/lib/gcc/arm-none-eabi/14.2.0/../../../../arm-none-eabi/lib/thumb/v7e-m+fp/hard/libnosys.a
END GROUP
START GROUP
LOAD /usr/lib/gcc/arm-none-eabi/14.2.0/thumb/v7e-m+fp/hard/libgcc.a
LOAD /usr/lib/gcc/arm-none-eabi/14.2.0/../../../../arm-none-eabi/lib/thumb/v7e-m+fp/hard/libc_nano.a
LOAD /usr/lib/gcc/arm-none-eabi/14.2.0/../../../../arm-none-eabi/lib/thumb/v7e-m+fp/hard/libnosys.a
END GROUP
LOAD /usr/lib/gcc/arm-none-eabi/14.2.0/thumb/v7e-m+fp/hard/crtend.o
LOAD /usr/lib/gcc/arm-none-eabi/14.2.0/thumb/v7e-m+fp/hard/crtn.o
                0x20030000                        _estack = (ORIGIN (RAM) + LENGTH (RAM))
                0x00000200                        _Min_Heap_Size = 0x200
                0x00000400                        _Min_Stack_Size = 0x400

.isr_vector     0x08000000      0x1ac
                0x08000000                        . = ALIGN (0x4)
 *(.isr_vector)
 .isr_vector    0x08000000      0x1ac ./Core/Startup/startup_stm32f429zitx.o
                0x08000000                g_pfnVectors
                0x080001ac                        . = ALIGN (0x4)

.text           0x080001b0    0x1020c
                0x080001b0                        . = ALIGN (0x4)
 *(.text)
 .text          0x080001b0       0x94 ./Middlewares/Third_Party/SystemView/SEGGER/SEGGER_RTT_ASM_ARMv7M.o
                0x080001b0                SEGGER_RTT_ASM_WriteSkipNoLock
 .text          0x08000244      0x378 /usr/lib/gcc/arm-none-eabi/14.2.0/thumb/v7e-m+fp/hard/libgcc.a(_arm_addsubdf3.o)
                0x08000244                __aeabi_drsub
                0x0800024c                __aeabi_dsub
                0x0800024c                __subdf3
                0x08000250                __adddf3
                0x08000250                __aeabi_dadd
                0x080004c8                __aeabi_ui2d
                0x080004c8                __floatunsidf
                0x080004e8                __floatsidf
                0x080004e8                __aeabi_i2d
                0x0800050c                __extendsfdf2
                0x0800050c                __aeabi_f2d
                0x08000550                __aeabi_ul2d
                0x08000550                __floatundidf
                0x08000560                __floatdidf
                0x08000560                __aeabi_l2d
 .text          0x080005bc      0x424 /usr/lib/gcc/arm-none-eabi/14.2.0/thumb/v7e-m+fp/hard/libgcc.a(_arm_muldivdf3.o)
                0x080005bc                __aeabi_dmul
                0x080005bc                __muldf3
                0x08000810                __aeabi_ddiv
                0x08000810                __divdf3
 .text          0x080009e0      0x110 /usr/lib/gcc/arm-none-eabi/14.2.0/thumb/v7e-m+fp/hard/libgcc.a(_arm_cmpdf2.o)
                0x080009e0                __gtdf2
                0x080009e0                __gedf2
                0x080009e8                __ltdf2
                0x080009e8                __ledf2
                0x080009f0                __cmpdf2
                0x080009f0                __eqdf2
                0x080009f0                __nedf2
                0x08000a6c                __aeabi_cdrcmple
                0x08000a7c                __aeabi_cdcmple
                0x08000a7c                __aeabi_cdcmpeq
                0x08000a8c                __aeabi_dcmpeq
                0x08000aa0                __aeabi_dcmplt
                0x08000ab4                __aeabi_dcmple
                0x08000ac8                __aeabi_dcmpge
                0x08000adc                __aeabi_dcmpgt
 .text          0x08000af0       0x2c /usr/lib/gcc/arm-none-eabi/14.2.0/thumb/v7e-m+fp/hard/libgcc.a(_arm_unorddf2.o)
                0x08000af0                __aeabi_dcmpun
                0x08000af0                __unorddf2
 .text          0x08000b1c       0x50 /usr/lib/gcc/arm-none-eabi/14.2.0/thumb/v7e-m+fp/hard/libgcc.a(_arm_fixdfsi.o)
                0x08000b1c                __fixdfsi
                0x08000b1c                __aeabi_d2iz
 .text          0x08000b6c       0x30 /usr/lib/gcc/arm-none-eabi/14.2.0/thumb/v7e-m+fp/hard/libgcc.a(_aeabi_uldivmod.o)
                0x08000b6c                __aeabi_uldivmod
 .text          0x08000b9c        0x4 /usr/lib/gcc/arm-none-eabi/14.2.0/thumb/v7e-m+fp/hard/libgcc.a(_dvmd_tls.o)
                0x08000b9c                __aeabi_ldiv0
                0x08000b9c                __aeabi_idiv0
 *(.text*)
 .text.__do_global_dtors_aux
                0x08000ba0       0x24 /usr/lib/gcc/arm-none-eabi/14.2.0/thumb/v7e-m+fp/hard/crtbegin.o
 .text.frame_dummy
                0x08000bc4       0x1c /usr/lib/gcc/arm-none-eabi/14.2.0/thumb/v7e-m+fp/hard/crtbegin.o
 .text.ApplicationInit
                0x08000be0      0x28c ./Core/Src/ApplicationCode.o
                0x08000be0                ApplicationInit
 .text.read_xy_pos_dif
                0x08000e6c       0x6c ./Core/Src/ApplicationCode.o
                0x08000e6c                read_xy_pos_dif
 .text.write_xy_pos_dif
                0x08000ed8       0x60 ./Core/Src/ApplicationCode.o
                0x08000ed8                write_xy_pos_dif
 .text.read_xy_position
                0x08000f38       0x4c ./Core/Src/ApplicationCode.o
                0x08000f38                read_xy_position
 .text.write_xy_position
                0x08000f84       0x48 ./Core/Src/ApplicationCode.o
                0x08000f84                write_xy_position
 .text.EXTI0_IRQHandler
                0x08000fcc       0x70 ./Core/Src/ApplicationCode.o
                0x08000fcc                EXTI0_IRQHandler
 .text.read_disruptor_energy
                0x0800103c       0x38 ./Core/Src/ApplicationCode.o
                0x0800103c                read_disruptor_energy
 .text.write_disruptor_energy
                0x08001074       0x60 ./Core/Src/ApplicationCode.o
                0x08001074                write_disruptor_energy
 .text.disruptor_recharge
                0x080010d4       0x58 ./Core/Src/ApplicationCode.o
                0x080010d4                disruptor_recharge
 .text.disruptor_timer_end
                0x0800112c       0x20 ./Core/Src/ApplicationCode.o
                0x0800112c                disruptor_timer_end
 .text.disruptor_task
                0x0800114c      0x114 ./Core/Src/ApplicationCode.o
                0x0800114c                disruptor_task
 .text.gyro_polling_task
                0x08001260      0x454 ./Core/Src/ApplicationCode.o
                0x08001260                gyro_polling_task
 .text.generate_maze
                0x080016b4      0x114 ./Core/Src/ApplicationCode.o
                0x080016b4                generate_maze
 .text.get_nearby_walls
                0x080017c8      0x148 ./Core/Src/ApplicationCode.o
                0x080017c8                get_nearby_walls
 .text.generate_features
                0x08001910      0x1dc ./Core/Src/ApplicationCode.o
                0x08001910                generate_features
 .text.game_time_decrement
                0x08001aec       0x68 ./Core/Src/ApplicationCode.o
                0x08001aec                game_time_decrement
 .text.read_game_time
                0x08001b54       0x38 ./Core/Src/ApplicationCode.o
                0x08001b54                read_game_time
 .text.write_game_time
                0x08001b8c       0x38 ./Core/Src/ApplicationCode.o
                0x08001b8c                write_game_time
 .text.game_end
                0x08001bc4       0x8c ./Core/Src/ApplicationCode.o
                0x08001bc4                game_end
 .text.game_comp_task
                0x08001c50      0x8e0 ./Core/Src/ApplicationCode.o
                0x08001c50                game_comp_task
 .text.lcd_draw_maze
                0x08002530      0x21c ./Core/Src/ApplicationCode.o
                0x08002530                lcd_draw_maze
 .text.lcd_display_task
                0x0800274c      0x298 ./Core/Src/ApplicationCode.o
                0x0800274c                lcd_display_task
 .text.green_led_task
                0x080029e4       0xa0 ./Core/Src/ApplicationCode.o
                0x080029e4                green_led_task
 .text.red_led_task
                0x08002a84       0x8c ./Core/Src/ApplicationCode.o
                0x08002a84                red_led_task
 .text.Gyro_Init
                0x08002b10       0x20 ./Core/Src/Gyro_Driver.o
                0x08002b10                Gyro_Init
 .text.Gyro_Power_On
                0x08002b30       0x88 ./Core/Src/Gyro_Driver.o
                0x08002b30                Gyro_Power_On
 .text.Gyro_Reboot
                0x08002bb8       0x78 ./Core/Src/Gyro_Driver.o
                0x08002bb8                Gyro_Reboot
 .text.Gyro_Get_Y_Velocity
                0x08002c30       0x68 ./Core/Src/Gyro_Driver.o
                0x08002c30                Gyro_Get_Y_Velocity
 .text.Gyro_Get_X_Velocity
                0x08002c98       0x68 ./Core/Src/Gyro_Driver.o
                0x08002c98                Gyro_Get_X_Velocity
 .text.Gyro_Config_Regs
                0x08002d00       0xd4 ./Core/Src/Gyro_Driver.o
                0x08002d00                Gyro_Config_Regs
 .text.Gyro_HAL_Check
                0x08002dd4       0x20 ./Core/Src/Gyro_Driver.o
                0x08002dd4                Gyro_HAL_Check
 .text.Gyro_Slave_Enable
                0x08002df4       0x18 ./Core/Src/Gyro_Driver.o
                0x08002df4                Gyro_Slave_Enable
 .text.Gyro_Slave_Disable
                0x08002e0c       0x18 ./Core/Src/Gyro_Driver.o
                0x08002e0c                Gyro_Slave_Disable
 .text.Gyro_Receive_Data
                0x08002e24       0x34 ./Core/Src/Gyro_Driver.o
                0x08002e24                Gyro_Receive_Data
 .text.Gyro_Transmit_Data
                0x08002e58       0x34 ./Core/Src/Gyro_Driver.o
                0x08002e58                Gyro_Transmit_Data
 .text.LCD_GPIO_Init
                0x08002e8c      0x190 ./Core/Src/LCD_Driver.o
                0x08002e8c                LCD_GPIO_Init
 .text.LTCD__Init
                0x0800301c       0xbc ./Core/Src/LCD_Driver.o
                0x0800301c                LTCD__Init
 .text.LTCD_Layer_Init
                0x080030d8       0x80 ./Core/Src/LCD_Driver.o
                0x080030d8                LTCD_Layer_Init
 .text.LCD_Draw_Pixel
                0x08003158       0x50 ./Core/Src/LCD_Driver.o
                0x08003158                LCD_Draw_Pixel
 .text.LCD_DrawChar
                0x080031a8       0xdc ./Core/Src/LCD_Driver.o
                0x080031a8                LCD_DrawChar
 .text.LCD_DisplayChar
                0x08003284       0x44 ./Core/Src/LCD_Driver.o
                0x08003284                LCD_DisplayChar
 .text.LCD_DisplayString
                0x080032c8       0x4e ./Core/Src/LCD_Driver.o
                0x080032c8                LCD_DisplayString
 *fill*         0x08003316        0x2 
 .text.LCD_DisplayNumber
                0x08003318      0x128 ./Core/Src/LCD_Driver.o
                0x08003318                LCD_DisplayNumber
 .text.LCD_SetTextColor
                0x08003440       0x20 ./Core/Src/LCD_Driver.o
                0x08003440                LCD_SetTextColor
 .text.LCD_SetFont
                0x08003460       0x20 ./Core/Src/LCD_Driver.o
                0x08003460                LCD_SetFont
 .text.LCD_Draw_Circle_Fill
                0x08003480       0xa6 ./Core/Src/LCD_Driver.o
                0x08003480                LCD_Draw_Circle_Fill
 .text.LCD_Draw_Rectangle_Fill
                0x08003526       0x4e ./Core/Src/LCD_Driver.o
                0x08003526                LCD_Draw_Rectangle_Fill
 .text.LCD_Draw_Vertical_Line
                0x08003574       0x4e ./Core/Src/LCD_Driver.o
                0x08003574                LCD_Draw_Vertical_Line
 .text.LCD_Draw_Horizontal_Line
                0x080035c2       0x4e ./Core/Src/LCD_Driver.o
                0x080035c2                LCD_Draw_Horizontal_Line
 .text.LCD_Clear
                0x08003610       0x44 ./Core/Src/LCD_Driver.o
                0x08003610                LCD_Clear
 .text.LCD_Error_Handler
                0x08003654        0x8 ./Core/Src/LCD_Driver.o
                0x08003654                LCD_Error_Handler
 .text.ili9341_Init
                0x0800365c      0x294 ./Core/Src/LCD_Driver.o
                0x0800365c                ili9341_Init
 .text.ili9341_Write_Reg
                0x080038f0       0x1a ./Core/Src/LCD_Driver.o
                0x080038f0                ili9341_Write_Reg
 .text.ili9341_Send_Data
                0x0800390a       0x1a ./Core/Src/LCD_Driver.o
                0x0800390a                ili9341_Send_Data
 .text.SPI_Init
                0x08003924       0x74 ./Core/Src/LCD_Driver.o
 .text.SPI_Write
                0x08003998       0x3c ./Core/Src/LCD_Driver.o
 .text.SPI_Error
                0x080039d4       0x18 ./Core/Src/LCD_Driver.o
 .text.SPI_MspInit
                0x080039ec       0x74 ./Core/Src/LCD_Driver.o
 .text.LCD_IO_Init
                0x08003a60       0xf0 ./Core/Src/LCD_Driver.o
                0x08003a60                LCD_IO_Init
 .text.LCD_IO_WriteData
                0x08003b50       0x44 ./Core/Src/LCD_Driver.o
                0x08003b50                LCD_IO_WriteData
 .text.LCD_IO_WriteReg
                0x08003b94       0x44 ./Core/Src/LCD_Driver.o
                0x08003b94                LCD_IO_WriteReg
 .text.LCD_Delay
                0x08003bd8       0x16 ./Core/Src/LCD_Driver.o
                0x08003bd8                LCD_Delay
 *fill*         0x08003bee        0x2 
 .text.systemClockOverride
                0x08003bf0       0x80 ./Core/Src/main.o
                0x08003bf0                systemClockOverride
 .text.main     0x08003c70       0x68 ./Core/Src/main.o
                0x08003c70                main
 .text.MX_LTDC_Init
                0x08003cd8      0x164 ./Core/Src/main.o
 .text.MX_RNG_Init
                0x08003e3c       0x28 ./Core/Src/main.o
 .text.MX_SPI5_Init
                0x08003e64       0x6c ./Core/Src/main.o
 .text.MX_TIM11_Init
                0x08003ed0       0x48 ./Core/Src/main.o
 .text.MX_GPIO_Init
                0x08003f18      0x298 ./Core/Src/main.o
 .text.StartDefaultTask
                0x080041b0       0x12 ./Core/Src/main.o
                0x080041b0                StartDefaultTask
 .text.Error_Handler
                0x080041c2        0xc ./Core/Src/main.o
                0x080041c2                Error_Handler
 *fill*         0x080041ce        0x2 
 .text.HAL_MspInit
                0x080041d0       0x58 ./Core/Src/stm32f4xx_hal_msp.o
                0x080041d0                HAL_MspInit
 .text.HAL_LTDC_MspInit
                0x08004228      0x250 ./Core/Src/stm32f4xx_hal_msp.o
                0x08004228                HAL_LTDC_MspInit
 .text.HAL_RNG_MspInit
                0x08004478       0x44 ./Core/Src/stm32f4xx_hal_msp.o
                0x08004478                HAL_RNG_MspInit
 .text.HAL_SPI_MspInit
                0x080044bc       0x90 ./Core/Src/stm32f4xx_hal_msp.o
                0x080044bc                HAL_SPI_MspInit
 .text.HAL_SPI_MspDeInit
                0x0800454c       0x3c ./Core/Src/stm32f4xx_hal_msp.o
                0x0800454c                HAL_SPI_MspDeInit
 .text.HAL_TIM_Base_MspInit
                0x08004588       0x44 ./Core/Src/stm32f4xx_hal_msp.o
                0x08004588                HAL_TIM_Base_MspInit
 .text.NMI_Handler
                0x080045cc        0x8 ./Core/Src/stm32f4xx_it.o
                0x080045cc                NMI_Handler
 .text.HardFault_Handler
                0x080045d4        0x8 ./Core/Src/stm32f4xx_it.o
                0x080045d4                HardFault_Handler
 .text.MemManage_Handler
                0x080045dc        0x8 ./Core/Src/stm32f4xx_it.o
                0x080045dc                MemManage_Handler
 .text.BusFault_Handler
                0x080045e4        0x8 ./Core/Src/stm32f4xx_it.o
                0x080045e4                BusFault_Handler
 .text.UsageFault_Handler
                0x080045ec        0x8 ./Core/Src/stm32f4xx_it.o
                0x080045ec                UsageFault_Handler
 .text.DebugMon_Handler
                0x080045f4        0xe ./Core/Src/stm32f4xx_it.o
                0x080045f4                DebugMon_Handler
 .text.SysTick_Handler
                0x08004602       0x1a ./Core/Src/stm32f4xx_it.o
                0x08004602                SysTick_Handler
 .text.initialise_monitor_handles
                0x0800461c        0xe ./Core/Src/syscalls.o
                0x0800461c                initialise_monitor_handles
 *fill*         0x0800462a        0x2 
 .text._sbrk    0x0800462c       0x6c ./Core/Src/sysmem.o
                0x0800462c                _sbrk
 .text.SystemInit
                0x08004698       0x24 ./Core/Src/system_stm32f4xx.o
                0x08004698                SystemInit
 .text.Reset_Handler
                0x080046bc       0x50 ./Core/Startup/startup_stm32f429zitx.o
                0x080046bc                Reset_Handler
 .text.Default_Handler
                0x0800470c        0x2 ./Core/Startup/startup_stm32f429zitx.o
                0x0800470c                RTC_Alarm_IRQHandler
                0x0800470c                HASH_RNG_IRQHandler
                0x0800470c                EXTI2_IRQHandler
                0x0800470c                TIM8_CC_IRQHandler
                0x0800470c                UART8_IRQHandler
                0x0800470c                SPI4_IRQHandler
                0x0800470c                TIM1_CC_IRQHandler
                0x0800470c                DMA2_Stream5_IRQHandler
                0x0800470c                DMA1_Stream5_IRQHandler
                0x0800470c                PVD_IRQHandler
                0x0800470c                SDIO_IRQHandler
                0x0800470c                TAMP_STAMP_IRQHandler
                0x0800470c                CAN2_RX1_IRQHandler
                0x0800470c                EXTI3_IRQHandler
                0x0800470c                TIM8_TRG_COM_TIM14_IRQHandler
                0x0800470c                TIM1_UP_TIM10_IRQHandler
                0x0800470c                TIM8_UP_TIM13_IRQHandler
                0x0800470c                I2C3_ER_IRQHandler
                0x0800470c                I2C2_EV_IRQHandler
                0x0800470c                DMA1_Stream2_IRQHandler
                0x0800470c                CAN1_RX0_IRQHandler
                0x0800470c                FPU_IRQHandler
                0x0800470c                OTG_HS_WKUP_IRQHandler
                0x0800470c                LTDC_ER_IRQHandler
                0x0800470c                CAN2_SCE_IRQHandler
                0x0800470c                DMA2_Stream2_IRQHandler
                0x0800470c                SPI1_IRQHandler
                0x0800470c                TIM6_DAC_IRQHandler
                0x0800470c                TIM1_BRK_TIM9_IRQHandler
                0x0800470c                DCMI_IRQHandler
                0x0800470c                CAN2_RX0_IRQHandler
                0x0800470c                DMA2_Stream3_IRQHandler
                0x0800470c                USART6_IRQHandler
                0x0800470c                USART3_IRQHandler
                0x0800470c                CAN1_RX1_IRQHandler
                0x0800470c                UART5_IRQHandler
                0x0800470c                DMA2_Stream0_IRQHandler
                0x0800470c                TIM4_IRQHandler
                0x0800470c                I2C1_EV_IRQHandler
                0x0800470c                DMA1_Stream6_IRQHandler
                0x0800470c                DMA1_Stream1_IRQHandler
                0x0800470c                UART4_IRQHandler
                0x0800470c                TIM3_IRQHandler
                0x0800470c                RCC_IRQHandler
                0x0800470c                TIM8_BRK_TIM12_IRQHandler
                0x0800470c                Default_Handler
                0x0800470c                EXTI15_10_IRQHandler
                0x0800470c                ADC_IRQHandler
                0x0800470c                DMA1_Stream7_IRQHandler
                0x0800470c                SPI5_IRQHandler
                0x0800470c                CAN2_TX_IRQHandler
                0x0800470c                TIM5_IRQHandler
                0x0800470c                DMA2_Stream7_IRQHandler
                0x0800470c                I2C3_EV_IRQHandler
                0x0800470c                EXTI9_5_IRQHandler
                0x0800470c                RTC_WKUP_IRQHandler
                0x0800470c                LTDC_IRQHandler
                0x0800470c                ETH_WKUP_IRQHandler
                0x0800470c                SPI2_IRQHandler
                0x0800470c                OTG_HS_EP1_IN_IRQHandler
                0x0800470c                DMA1_Stream0_IRQHandler
                0x0800470c                CAN1_TX_IRQHandler
                0x0800470c                EXTI4_IRQHandler
                0x0800470c                ETH_IRQHandler
                0x0800470c                OTG_HS_EP1_OUT_IRQHandler
                0x0800470c                WWDG_IRQHandler
                0x0800470c                SPI6_IRQHandler
                0x0800470c                TIM2_IRQHandler
                0x0800470c                OTG_FS_WKUP_IRQHandler
                0x0800470c                TIM1_TRG_COM_TIM11_IRQHandler
                0x0800470c                OTG_HS_IRQHandler
                0x0800470c                DMA2D_IRQHandler
                0x0800470c                EXTI1_IRQHandler
                0x0800470c                UART7_IRQHandler
                0x0800470c                USART2_IRQHandler
                0x0800470c                I2C2_ER_IRQHandler
                0x0800470c                DMA2_Stream1_IRQHandler
                0x0800470c                CAN1_SCE_IRQHandler
                0x0800470c                FLASH_IRQHandler
                0x0800470c                DMA2_Stream4_IRQHandler
                0x0800470c                USART1_IRQHandler
                0x0800470c                OTG_FS_IRQHandler
                0x0800470c                SPI3_IRQHandler
                0x0800470c                DMA1_Stream4_IRQHandler
                0x0800470c                I2C1_ER_IRQHandler
                0x0800470c                FMC_IRQHandler
                0x0800470c                DMA2_Stream6_IRQHandler
                0x0800470c                SAI1_IRQHandler
                0x0800470c                DMA1_Stream3_IRQHandler
 *fill*         0x0800470e        0x2 
 .text.HAL_Init
                0x08004710       0x44 ./Drivers/STM32F4xx_HAL_Driver/Src/stm32f4xx_hal.o
                0x08004710                HAL_Init
 .text.HAL_InitTick
                0x08004754       0x60 ./Drivers/STM32F4xx_HAL_Driver/Src/stm32f4xx_hal.o
                0x08004754                HAL_InitTick
 .text.HAL_IncTick
                0x080047b4       0x28 ./Drivers/STM32F4xx_HAL_Driver/Src/stm32f4xx_hal.o
                0x080047b4                HAL_IncTick
 .text.HAL_GetTick
                0x080047dc       0x18 ./Drivers/STM32F4xx_HAL_Driver/Src/stm32f4xx_hal.o
                0x080047dc                HAL_GetTick
 .text.__NVIC_SetPriorityGrouping
                0x080047f4       0x48 ./Drivers/STM32F4xx_HAL_Driver/Src/stm32f4xx_hal_cortex.o
 .text.__NVIC_GetPriorityGrouping
                0x0800483c       0x1c ./Drivers/STM32F4xx_HAL_Driver/Src/stm32f4xx_hal_cortex.o
 .text.__NVIC_EnableIRQ
                0x08004858       0x3c ./Drivers/STM32F4xx_HAL_Driver/Src/stm32f4xx_hal_cortex.o
 .text.__NVIC_DisableIRQ
                0x08004894       0x48 ./Drivers/STM32F4xx_HAL_Driver/Src/stm32f4xx_hal_cortex.o
 .text.__NVIC_SetPriority
                0x080048dc       0x54 ./Drivers/STM32F4xx_HAL_Driver/Src/stm32f4xx_hal_cortex.o
 .text.NVIC_EncodePriority
                0x08004930       0x66 ./Drivers/STM32F4xx_HAL_Driver/Src/stm32f4xx_hal_cortex.o
 *fill*         0x08004996        0x2 
 .text.SysTick_Config
                0x08004998       0x44 ./Drivers/STM32F4xx_HAL_Driver/Src/stm32f4xx_hal_cortex.o
 .text.HAL_NVIC_SetPriorityGrouping
                0x080049dc       0x16 ./Drivers/STM32F4xx_HAL_Driver/Src/stm32f4xx_hal_cortex.o
                0x080049dc                HAL_NVIC_SetPriorityGrouping
 .text.HAL_NVIC_SetPriority
                0x080049f2       0x38 ./Drivers/STM32F4xx_HAL_Driver/Src/stm32f4xx_hal_cortex.o
                0x080049f2                HAL_NVIC_SetPriority
 .text.HAL_NVIC_EnableIRQ
                0x08004a2a       0x1c ./Drivers/STM32F4xx_HAL_Driver/Src/stm32f4xx_hal_cortex.o
                0x08004a2a                HAL_NVIC_EnableIRQ
 .text.HAL_NVIC_DisableIRQ
                0x08004a46       0x1c ./Drivers/STM32F4xx_HAL_Driver/Src/stm32f4xx_hal_cortex.o
                0x08004a46                HAL_NVIC_DisableIRQ
 .text.HAL_SYSTICK_Config
                0x08004a62       0x18 ./Drivers/STM32F4xx_HAL_Driver/Src/stm32f4xx_hal_cortex.o
                0x08004a62                HAL_SYSTICK_Config
 *fill*         0x08004a7a        0x2 
 .text.HAL_GPIO_Init
                0x08004a7c      0x358 ./Drivers/STM32F4xx_HAL_Driver/Src/stm32f4xx_hal_gpio.o
                0x08004a7c                HAL_GPIO_Init
 .text.HAL_GPIO_DeInit
                0x08004dd4      0x218 ./Drivers/STM32F4xx_HAL_Driver/Src/stm32f4xx_hal_gpio.o
                0x08004dd4                HAL_GPIO_DeInit
 .text.HAL_GPIO_ReadPin
                0x08004fec       0x30 ./Drivers/STM32F4xx_HAL_Driver/Src/stm32f4xx_hal_gpio.o
                0x08004fec                HAL_GPIO_ReadPin
 .text.HAL_GPIO_WritePin
                0x0800501c       0x32 ./Drivers/STM32F4xx_HAL_Driver/Src/stm32f4xx_hal_gpio.o
                0x0800501c                HAL_GPIO_WritePin
 *fill*         0x0800504e        0x2 
 .text.HAL_LTDC_Init
                0x08005050      0x1a0 ./Drivers/STM32F4xx_HAL_Driver/Src/stm32f4xx_hal_ltdc.o
                0x08005050                HAL_LTDC_Init
 .text.HAL_LTDC_ConfigLayer
                0x080051f0       0x7c ./Drivers/STM32F4xx_HAL_Driver/Src/stm32f4xx_hal_ltdc.o
                0x080051f0                HAL_LTDC_ConfigLayer
 .text.LTDC_SetConfig
                0x0800526c      0x32e ./Drivers/STM32F4xx_HAL_Driver/Src/stm32f4xx_hal_ltdc.o
 *fill*         0x0800559a        0x2 
 .text.HAL_RCC_OscConfig
                0x0800559c      0x4f0 ./Drivers/STM32F4xx_HAL_Driver/Src/stm32f4xx_hal_rcc.o
                0x0800559c                HAL_RCC_OscConfig
 .text.HAL_RCC_ClockConfig
                0x08005a8c      0x1cc ./Drivers/STM32F4xx_HAL_Driver/Src/stm32f4xx_hal_rcc.o
                0x08005a8c                HAL_RCC_ClockConfig
 .text.HAL_RCC_GetSysClockFreq
                0x08005c58      0x20c ./Drivers/STM32F4xx_HAL_Driver/Src/stm32f4xx_hal_rcc.o
                0x08005c58                HAL_RCC_GetSysClockFreq
 .text.HAL_RCCEx_PeriphCLKConfig
                0x08005e64      0x380 ./Drivers/STM32F4xx_HAL_Driver/Src/stm32f4xx_hal_rcc_ex.o
                0x08005e64                HAL_RCCEx_PeriphCLKConfig
 .text.HAL_RNG_Init
                0x080061e4       0x54 ./Drivers/STM32F4xx_HAL_Driver/Src/stm32f4xx_hal_rng.o
                0x080061e4                HAL_RNG_Init
 .text.HAL_RNG_GenerateRandomNumber
                0x08006238       0xac ./Drivers/STM32F4xx_HAL_Driver/Src/stm32f4xx_hal_rng.o
                0x08006238                HAL_RNG_GenerateRandomNumber
 .text.HAL_SPI_Init
                0x080062e4      0x112 ./Drivers/STM32F4xx_HAL_Driver/Src/stm32f4xx_hal_spi.o
                0x080062e4                HAL_SPI_Init
 .text.HAL_SPI_DeInit
                0x080063f6       0x50 ./Drivers/STM32F4xx_HAL_Driver/Src/stm32f4xx_hal_spi.o
                0x080063f6                HAL_SPI_DeInit
 .text.HAL_SPI_Transmit
                0x08006446      0x278 ./Drivers/STM32F4xx_HAL_Driver/Src/stm32f4xx_hal_spi.o
                0x08006446                HAL_SPI_Transmit
 .text.HAL_SPI_Receive
                0x080066be      0x222 ./Drivers/STM32F4xx_HAL_Driver/Src/stm32f4xx_hal_spi.o
                0x080066be                HAL_SPI_Receive
 .text.HAL_SPI_TransmitReceive
                0x080068e0      0x344 ./Drivers/STM32F4xx_HAL_Driver/Src/stm32f4xx_hal_spi.o
                0x080068e0                HAL_SPI_TransmitReceive
 .text.HAL_SPI_GetState
                0x08006c24       0x1c ./Drivers/STM32F4xx_HAL_Driver/Src/stm32f4xx_hal_spi.o
                0x08006c24                HAL_SPI_GetState
 .text.SPI_WaitFlagStateUntilTimeout
                0x08006c40      0x110 ./Drivers/STM32F4xx_HAL_Driver/Src/stm32f4xx_hal_spi.o
 .text.SPI_EndRxTransaction
                0x08006d50       0xca ./Drivers/STM32F4xx_HAL_Driver/Src/stm32f4xx_hal_spi.o
 *fill*         0x08006e1a        0x2 
 .text.SPI_EndRxTxTransaction
                0x08006e1c       0x84 ./Drivers/STM32F4xx_HAL_Driver/Src/stm32f4xx_hal_spi.o
 .text.HAL_TIM_Base_Init
                0x08006ea0       0x9e ./Drivers/STM32F4xx_HAL_Driver/Src/stm32f4xx_hal_tim.o
                0x08006ea0                HAL_TIM_Base_Init
 *fill*         0x08006f3e        0x2 
 .text.TIM_Base_SetConfig
                0x08006f40      0x140 ./Drivers/STM32F4xx_HAL_Driver/Src/stm32f4xx_hal_tim.o
                0x08006f40                TIM_Base_SetConfig
 .text.__NVIC_SetPriority
                0x08007080       0x54 ./Middlewares/Third_Party/FreeRTOS/Source/CMSIS_RTOS_V2/cmsis_os2.o
 .text.SVC_Setup
                0x080070d4       0x12 ./Middlewares/Third_Party/FreeRTOS/Source/CMSIS_RTOS_V2/cmsis_os2.o
 *fill*         0x080070e6        0x2 
 .text.osKernelInitialize
                0x080070e8       0x48 ./Middlewares/Third_Party/FreeRTOS/Source/CMSIS_RTOS_V2/cmsis_os2.o
                0x080070e8                osKernelInitialize
 .text.osKernelStart
                0x08007130       0x4c ./Middlewares/Third_Party/FreeRTOS/Source/CMSIS_RTOS_V2/cmsis_os2.o
                0x08007130                osKernelStart
 .text.osKernelGetTickCount
                0x0800717c       0x2a ./Middlewares/Third_Party/FreeRTOS/Source/CMSIS_RTOS_V2/cmsis_os2.o
                0x0800717c                osKernelGetTickCount
 .text.osThreadNew
                0x080071a6      0x124 ./Middlewares/Third_Party/FreeRTOS/Source/CMSIS_RTOS_V2/cmsis_os2.o
                0x080071a6                osThreadNew
 .text.osDelay  0x080072ca       0x36 ./Middlewares/Third_Party/FreeRTOS/Source/CMSIS_RTOS_V2/cmsis_os2.o
                0x080072ca                osDelay
 .text.TimerCallback
                0x08007300       0x2a ./Middlewares/Third_Party/FreeRTOS/Source/CMSIS_RTOS_V2/cmsis_os2.o
 *fill*         0x0800732a        0x2 
 .text.osTimerNew
                0x0800732c       0xf8 ./Middlewares/Third_Party/FreeRTOS/Source/CMSIS_RTOS_V2/cmsis_os2.o
                0x0800732c                osTimerNew
 .text.osTimerStart
                0x08007424       0x5c ./Middlewares/Third_Party/FreeRTOS/Source/CMSIS_RTOS_V2/cmsis_os2.o
                0x08007424                osTimerStart
 .text.osTimerStop
                0x08007480       0x6e ./Middlewares/Third_Party/FreeRTOS/Source/CMSIS_RTOS_V2/cmsis_os2.o
                0x08007480                osTimerStop
 .text.osTimerIsRunning
                0x080074ee       0x38 ./Middlewares/Third_Party/FreeRTOS/Source/CMSIS_RTOS_V2/cmsis_os2.o
                0x080074ee                osTimerIsRunning
 .text.osEventFlagsNew
                0x08007526       0x7e ./Middlewares/Third_Party/FreeRTOS/Source/CMSIS_RTOS_V2/cmsis_os2.o
                0x08007526                osEventFlagsNew
 .text.osEventFlagsSet
                0x080075a4       0x84 ./Middlewares/Third_Party/FreeRTOS/Source/CMSIS_RTOS_V2/cmsis_os2.o
                0x080075a4                osEventFlagsSet
 .text.osEventFlagsClear
                0x08007628       0x62 ./Middlewares/Third_Party/FreeRTOS/Source/CMSIS_RTOS_V2/cmsis_os2.o
                0x08007628                osEventFlagsClear
 .text.osEventFlagsGet
                0x0800768a       0x42 ./Middlewares/Third_Party/FreeRTOS/Source/CMSIS_RTOS_V2/cmsis_os2.o
                0x0800768a                osEventFlagsGet
 .text.osEventFlagsWait
                0x080076cc       0xca ./Middlewares/Third_Party/FreeRTOS/Source/CMSIS_RTOS_V2/cmsis_os2.o
                0x080076cc                osEventFlagsWait
 .text.osMutexNew
                0x08007796      0x10c ./Middlewares/Third_Party/FreeRTOS/Source/CMSIS_RTOS_V2/cmsis_os2.o
                0x08007796                osMutexNew
 .text.osMutexAcquire
                0x080078a2       0x96 ./Middlewares/Third_Party/FreeRTOS/Source/CMSIS_RTOS_V2/cmsis_os2.o
                0x080078a2                osMutexAcquire
 .text.osMutexRelease
                0x08007938       0x7a ./Middlewares/Third_Party/FreeRTOS/Source/CMSIS_RTOS_V2/cmsis_os2.o
                0x08007938                osMutexRelease
 .text.osSemaphoreNew
                0x080079b2      0x112 ./Middlewares/Third_Party/FreeRTOS/Source/CMSIS_RTOS_V2/cmsis_os2.o
                0x080079b2                osSemaphoreNew
 .text.osSemaphoreAcquire
                0x08007ac4       0xa4 ./Middlewares/Third_Party/FreeRTOS/Source/CMSIS_RTOS_V2/cmsis_os2.o
                0x08007ac4                osSemaphoreAcquire
 .text.osSemaphoreRelease
                0x08007b68       0x88 ./Middlewares/Third_Party/FreeRTOS/Source/CMSIS_RTOS_V2/cmsis_os2.o
                0x08007b68                osSemaphoreRelease
 .text.vApplicationGetIdleTaskMemory
                0x08007bf0       0x34 ./Middlewares/Third_Party/FreeRTOS/Source/CMSIS_RTOS_V2/cmsis_os2.o
                0x08007bf0                vApplicationGetIdleTaskMemory
 .text.vApplicationGetTimerTaskMemory
                0x08007c24       0x34 ./Middlewares/Third_Party/FreeRTOS/Source/CMSIS_RTOS_V2/cmsis_os2.o
                0x08007c24                vApplicationGetTimerTaskMemory
 .text.xEventGroupCreateStatic
                0x08007c58       0x72 ./Middlewares/Third_Party/FreeRTOS/Source/event_groups.o
                0x08007c58                xEventGroupCreateStatic
 .text.xEventGroupCreate
                0x08007cca       0x34 ./Middlewares/Third_Party/FreeRTOS/Source/event_groups.o
                0x08007cca                xEventGroupCreate
 *fill*         0x08007cfe        0x2 
 .text.xEventGroupWaitBits
                0x08007d00      0x1a4 ./Middlewares/Third_Party/FreeRTOS/Source/event_groups.o
                0x08007d00                xEventGroupWaitBits
 .text.xEventGroupClearBits
                0x08007ea4       0x72 ./Middlewares/Third_Party/FreeRTOS/Source/event_groups.o
                0x08007ea4                xEventGroupClearBits
 *fill*         0x08007f16        0x2 
 .text.xEventGroupClearBitsFromISR
                0x08007f18       0x28 ./Middlewares/Third_Party/FreeRTOS/Source/event_groups.o
                0x08007f18                xEventGroupClearBitsFromISR
 .text.xEventGroupGetBitsFromISR
                0x08007f40       0x48 ./Middlewares/Third_Party/FreeRTOS/Source/event_groups.o
                0x08007f40                xEventGroupGetBitsFromISR
 .text.xEventGroupSetBits
                0x08007f88      0x118 ./Middlewares/Third_Party/FreeRTOS/Source/event_groups.o
                0x08007f88                xEventGroupSetBits
 .text.vEventGroupSetBitsCallback
                0x080080a0       0x1a ./Middlewares/Third_Party/FreeRTOS/Source/event_groups.o
                0x080080a0                vEventGroupSetBitsCallback
 .text.vEventGroupClearBitsCallback
                0x080080ba       0x1a ./Middlewares/Third_Party/FreeRTOS/Source/event_groups.o
                0x080080ba                vEventGroupClearBitsCallback
 .text.prvTestWaitCondition
                0x080080d4       0x44 ./Middlewares/Third_Party/FreeRTOS/Source/event_groups.o
 .text.xEventGroupSetBitsFromISR
                0x08008118       0x28 ./Middlewares/Third_Party/FreeRTOS/Source/event_groups.o
                0x08008118                xEventGroupSetBitsFromISR
 .text.vListInitialise
                0x08008140       0x40 ./Middlewares/Third_Party/FreeRTOS/Source/list.o
                0x08008140                vListInitialise
 .text.vListInitialiseItem
                0x08008180       0x1a ./Middlewares/Third_Party/FreeRTOS/Source/list.o
                0x08008180                vListInitialiseItem
 .text.vListInsertEnd
                0x0800819a       0x48 ./Middlewares/Third_Party/FreeRTOS/Source/list.o
                0x0800819a                vListInsertEnd
 .text.vListInsert
                0x080081e2       0x72 ./Middlewares/Third_Party/FreeRTOS/Source/list.o
                0x080081e2                vListInsert
 .text.uxListRemove
                0x08008254       0x54 ./Middlewares/Third_Party/FreeRTOS/Source/list.o
                0x08008254                uxListRemove
 .text.xQueueGenericReset
                0x080082a8       0xd4 ./Middlewares/Third_Party/FreeRTOS/Source/queue.o
                0x080082a8                xQueueGenericReset
 .text.xQueueGenericCreateStatic
                0x0800837c       0xfa ./Middlewares/Third_Party/FreeRTOS/Source/queue.o
                0x0800837c                xQueueGenericCreateStatic
 .text.xQueueGenericCreate
                0x08008476       0x76 ./Middlewares/Third_Party/FreeRTOS/Source/queue.o
                0x08008476                xQueueGenericCreate
 .text.prvInitialiseNewQueue
                0x080084ec       0x52 ./Middlewares/Third_Party/FreeRTOS/Source/queue.o
 .text.prvInitialiseMutex
                0x0800853e       0x34 ./Middlewares/Third_Party/FreeRTOS/Source/queue.o
 .text.xQueueCreateMutex
                0x08008572       0x30 ./Middlewares/Third_Party/FreeRTOS/Source/queue.o
                0x08008572                xQueueCreateMutex
 .text.xQueueCreateMutexStatic
                0x080085a2       0x36 ./Middlewares/Third_Party/FreeRTOS/Source/queue.o
                0x080085a2                xQueueCreateMutexStatic
 .text.xQueueGiveMutexRecursive
                0x080085d8       0x6a ./Middlewares/Third_Party/FreeRTOS/Source/queue.o
                0x080085d8                xQueueGiveMutexRecursive
 .text.xQueueTakeMutexRecursive
                0x08008642       0x6e ./Middlewares/Third_Party/FreeRTOS/Source/queue.o
                0x08008642                xQueueTakeMutexRecursive
 .text.xQueueCreateCountingSemaphoreStatic
                0x080086b0       0x72 ./Middlewares/Third_Party/FreeRTOS/Source/queue.o
                0x080086b0                xQueueCreateCountingSemaphoreStatic
 .text.xQueueCreateCountingSemaphore
                0x08008722       0x6a ./Middlewares/Third_Party/FreeRTOS/Source/queue.o
                0x08008722                xQueueCreateCountingSemaphore
 .text.xQueueGenericSend
                0x0800878c      0x254 ./Middlewares/Third_Party/FreeRTOS/Source/queue.o
                0x0800878c                xQueueGenericSend
 .text.xQueueGenericSendFromISR
                0x080089e0      0x164 ./Middlewares/Third_Party/FreeRTOS/Source/queue.o
                0x080089e0                xQueueGenericSendFromISR
 .text.xQueueGiveFromISR
                0x08008b44      0x148 ./Middlewares/Third_Party/FreeRTOS/Source/queue.o
                0x08008b44                xQueueGiveFromISR
 .text.xQueueReceive
                0x08008c8c      0x228 ./Middlewares/Third_Party/FreeRTOS/Source/queue.o
                0x08008c8c                xQueueReceive
 .text.xQueueSemaphoreTake
                0x08008eb4      0x280 ./Middlewares/Third_Party/FreeRTOS/Source/queue.o
                0x08008eb4                xQueueSemaphoreTake
 .text.xQueueReceiveFromISR
                0x08009134      0x140 ./Middlewares/Third_Party/FreeRTOS/Source/queue.o
                0x08009134                xQueueReceiveFromISR
 .text.vQueueDelete
                0x08009274       0x5a ./Middlewares/Third_Party/FreeRTOS/Source/queue.o
                0x08009274                vQueueDelete
 .text.prvGetDisinheritPriorityAfterTimeout
                0x080092ce       0x30 ./Middlewares/Third_Party/FreeRTOS/Source/queue.o
 .text.prvCopyDataToQueue
                0x080092fe       0xd4 ./Middlewares/Third_Party/FreeRTOS/Source/queue.o
 .text.prvCopyDataFromQueue
                0x080093d2       0x4c ./Middlewares/Third_Party/FreeRTOS/Source/queue.o
 .text.prvUnlockQueue
                0x0800941e       0xa4 ./Middlewares/Third_Party/FreeRTOS/Source/queue.o
 .text.prvIsQueueEmpty
                0x080094c2       0x2c ./Middlewares/Third_Party/FreeRTOS/Source/queue.o
 .text.prvIsQueueFull
                0x080094ee       0x30 ./Middlewares/Third_Party/FreeRTOS/Source/queue.o
 *fill*         0x0800951e        0x2 
 .text.vQueueAddToRegistry
                0x08009520       0x64 ./Middlewares/Third_Party/FreeRTOS/Source/queue.o
                0x08009520                vQueueAddToRegistry
 .text.vQueueUnregisterQueue
                0x08009584       0x54 ./Middlewares/Third_Party/FreeRTOS/Source/queue.o
                0x08009584                vQueueUnregisterQueue
 .text.vQueueWaitForMessageRestricted
                0x080095d8       0x68 ./Middlewares/Third_Party/FreeRTOS/Source/queue.o
                0x080095d8                vQueueWaitForMessageRestricted
 .text.xTaskCreateStatic
                0x08009640       0xc0 ./Middlewares/Third_Party/FreeRTOS/Source/tasks.o
                0x08009640                xTaskCreateStatic
 .text.xTaskCreate
                0x08009700       0x8a ./Middlewares/Third_Party/FreeRTOS/Source/tasks.o
                0x08009700                xTaskCreate
 *fill*         0x0800978a        0x2 
 .text.prvInitialiseNewTask
                0x0800978c      0x150 ./Middlewares/Third_Party/FreeRTOS/Source/tasks.o
 .text.prvAddNewTaskToReadyList
                0x080098dc      0x11c ./Middlewares/Third_Party/FreeRTOS/Source/tasks.o
 .text.vTaskDelay
                0x080099f8       0x74 ./Middlewares/Third_Party/FreeRTOS/Source/tasks.o
                0x080099f8                vTaskDelay
 .text.vTaskStartScheduler
                0x08009a6c      0x108 ./Middlewares/Third_Party/FreeRTOS/Source/tasks.o
                0x08009a6c                vTaskStartScheduler
 .text.vTaskSuspendAll
                0x08009b74       0x1c ./Middlewares/Third_Party/FreeRTOS/Source/tasks.o
                0x08009b74                vTaskSuspendAll
 .text.xTaskResumeAll
                0x08009b90      0x144 ./Middlewares/Third_Party/FreeRTOS/Source/tasks.o
                0x08009b90                xTaskResumeAll
 .text.xTaskGetTickCount
                0x08009cd4       0x20 ./Middlewares/Third_Party/FreeRTOS/Source/tasks.o
                0x08009cd4                xTaskGetTickCount
 .text.xTaskGetTickCountFromISR
                0x08009cf4       0x24 ./Middlewares/Third_Party/FreeRTOS/Source/tasks.o
                0x08009cf4                xTaskGetTickCountFromISR
 .text.xTaskIncrementTick
                0x08009d18      0x17c ./Middlewares/Third_Party/FreeRTOS/Source/tasks.o
                0x08009d18                xTaskIncrementTick
 .text.vTaskSwitchContext
                0x08009e94       0xf0 ./Middlewares/Third_Party/FreeRTOS/Source/tasks.o
                0x08009e94                vTaskSwitchContext
 .text.vTaskPlaceOnEventList
                0x08009f84       0x4c ./Middlewares/Third_Party/FreeRTOS/Source/tasks.o
                0x08009f84                vTaskPlaceOnEventList
 .text.vTaskPlaceOnUnorderedEventList
                0x08009fd0       0x7c ./Middlewares/Third_Party/FreeRTOS/Source/tasks.o
                0x08009fd0                vTaskPlaceOnUnorderedEventList
 .text.vTaskPlaceOnEventListRestricted
                0x0800a04c       0x60 ./Middlewares/Third_Party/FreeRTOS/Source/tasks.o
                0x0800a04c                vTaskPlaceOnEventListRestricted
 .text.xTaskRemoveFromEventList
                0x0800a0ac       0xd0 ./Middlewares/Third_Party/FreeRTOS/Source/tasks.o
                0x0800a0ac                xTaskRemoveFromEventList
 .text.vTaskRemoveFromUnorderedEventList
                0x0800a17c       0xd0 ./Middlewares/Third_Party/FreeRTOS/Source/tasks.o
                0x0800a17c                vTaskRemoveFromUnorderedEventList
 .text.vTaskInternalSetTimeOutState
                0x0800a24c       0x2c ./Middlewares/Third_Party/FreeRTOS/Source/tasks.o
                0x0800a24c                vTaskInternalSetTimeOutState
 .text.xTaskCheckForTimeOut
                0x0800a278       0xc8 ./Middlewares/Third_Party/FreeRTOS/Source/tasks.o
                0x0800a278                xTaskCheckForTimeOut
 .text.vTaskMissedYield
                0x0800a340       0x18 ./Middlewares/Third_Party/FreeRTOS/Source/tasks.o
                0x0800a340                vTaskMissedYield
 .text.prvIdleTask
                0x0800a358       0x30 ./Middlewares/Third_Party/FreeRTOS/Source/tasks.o
 .text.prvInitialiseTaskLists
                0x0800a388       0x80 ./Middlewares/Third_Party/FreeRTOS/Source/tasks.o
 .text.prvCheckTasksWaitingTermination
                0x0800a408       0x5c ./Middlewares/Third_Party/FreeRTOS/Source/tasks.o
 .text.prvTaskCheckFreeStackSpace
                0x0800a464       0x38 ./Middlewares/Third_Party/FreeRTOS/Source/tasks.o
 .text.uxTaskGetStackHighWaterMark
                0x0800a49c       0x38 ./Middlewares/Third_Party/FreeRTOS/Source/tasks.o
                0x0800a49c                uxTaskGetStackHighWaterMark
 .text.prvDeleteTCB
                0x0800a4d4       0x6a ./Middlewares/Third_Party/FreeRTOS/Source/tasks.o
 *fill*         0x0800a53e        0x2 
 .text.prvResetNextTaskUnblockTime
                0x0800a540       0x40 ./Middlewares/Third_Party/FreeRTOS/Source/tasks.o
 .text.xTaskGetCurrentTaskHandle
                0x0800a580       0x20 ./Middlewares/Third_Party/FreeRTOS/Source/tasks.o
                0x0800a580                xTaskGetCurrentTaskHandle
 .text.xTaskGetSchedulerState
                0x0800a5a0       0x3c ./Middlewares/Third_Party/FreeRTOS/Source/tasks.o
                0x0800a5a0                xTaskGetSchedulerState
 .text.xTaskPriorityInherit
                0x0800a5dc       0xe4 ./Middlewares/Third_Party/FreeRTOS/Source/tasks.o
                0x0800a5dc                xTaskPriorityInherit
 .text.xTaskPriorityDisinherit
                0x0800a6c0       0xf0 ./Middlewares/Third_Party/FreeRTOS/Source/tasks.o
                0x0800a6c0                xTaskPriorityDisinherit
 .text.vTaskPriorityDisinheritAfterTimeout
                0x0800a7b0      0x118 ./Middlewares/Third_Party/FreeRTOS/Source/tasks.o
                0x0800a7b0                vTaskPriorityDisinheritAfterTimeout
 .text.uxTaskResetEventItemValue
                0x0800a8c8       0x30 ./Middlewares/Third_Party/FreeRTOS/Source/tasks.o
                0x0800a8c8                uxTaskResetEventItemValue
 .text.pvTaskIncrementMutexHeldCount
                0x0800a8f8       0x28 ./Middlewares/Third_Party/FreeRTOS/Source/tasks.o
                0x0800a8f8                pvTaskIncrementMutexHeldCount
 .text.prvAddCurrentTaskToDelayedList
                0x0800a920       0xa8 ./Middlewares/Third_Party/FreeRTOS/Source/tasks.o
 .text.xTimerCreateTimerTask
                0x0800a9c8       0x94 ./Middlewares/Third_Party/FreeRTOS/Source/timers.o
                0x0800a9c8                xTimerCreateTimerTask
 .text.xTimerCreate
                0x0800aa5c       0x42 ./Middlewares/Third_Party/FreeRTOS/Source/timers.o
                0x0800aa5c                xTimerCreate
 .text.xTimerCreateStatic
                0x0800aa9e       0x80 ./Middlewares/Third_Party/FreeRTOS/Source/timers.o
                0x0800aa9e                xTimerCreateStatic
 .text.prvInitialiseNewTimer
                0x0800ab1e       0x78 ./Middlewares/Third_Party/FreeRTOS/Source/timers.o
 *fill*         0x0800ab96        0x2 
 .text.xTimerGenericCommand
                0x0800ab98       0x9c ./Middlewares/Third_Party/FreeRTOS/Source/timers.o
                0x0800ab98                xTimerGenericCommand
 .text.prvProcessExpiredTimer
                0x0800ac34       0x9c ./Middlewares/Third_Party/FreeRTOS/Source/timers.o
 .text.prvTimerTask
                0x0800acd0       0x26 ./Middlewares/Third_Party/FreeRTOS/Source/timers.o
 *fill*         0x0800acf6        0x2 
 .text.prvProcessTimerOrBlockTask
                0x0800acf8       0x9c ./Middlewares/Third_Party/FreeRTOS/Source/timers.o
 .text.prvGetNextExpireTime
                0x0800ad94       0x48 ./Middlewares/Third_Party/FreeRTOS/Source/timers.o
 .text.prvSampleTimeNow
                0x0800addc       0x40 ./Middlewares/Third_Party/FreeRTOS/Source/timers.o
 .text.prvInsertTimerInActiveList
                0x0800ae1c       0x84 ./Middlewares/Third_Party/FreeRTOS/Source/timers.o
 .text.prvProcessReceivedCommands
                0x0800aea0      0x1cc ./Middlewares/Third_Party/FreeRTOS/Source/timers.o
 .text.prvSwitchTimerLists
                0x0800b06c       0xcc ./Middlewares/Third_Party/FreeRTOS/Source/timers.o
 .text.prvCheckForValidListAndQueue
                0x0800b138       0x80 ./Middlewares/Third_Party/FreeRTOS/Source/timers.o
 .text.xTimerIsTimerActive
                0x0800b1b8       0x54 ./Middlewares/Third_Party/FreeRTOS/Source/timers.o
                0x0800b1b8                xTimerIsTimerActive
 .text.pvTimerGetTimerID
                0x0800b20c       0x42 ./Middlewares/Third_Party/FreeRTOS/Source/timers.o
                0x0800b20c                pvTimerGetTimerID
 *fill*         0x0800b24e        0x2 
 .text.xTimerPendFunctionCallFromISR
                0x0800b250       0x40 ./Middlewares/Third_Party/FreeRTOS/Source/timers.o
                0x0800b250                xTimerPendFunctionCallFromISR
 .text.pxPortInitialiseStack
                0x0800b290       0x68 ./Middlewares/Third_Party/FreeRTOS/Source/portable/GCC/ARM_CM4F/port.o
                0x0800b290                pxPortInitialiseStack
 .text.prvTaskExitError
                0x0800b2f8       0x5c ./Middlewares/Third_Party/FreeRTOS/Source/portable/GCC/ARM_CM4F/port.o
 *fill*         0x0800b354        0xc 
 .text.SVC_Handler
                0x0800b360       0x28 ./Middlewares/Third_Party/FreeRTOS/Source/portable/GCC/ARM_CM4F/port.o
                0x0800b360                SVC_Handler
 .text.prvPortStartFirstTask
                0x0800b388       0x28 ./Middlewares/Third_Party/FreeRTOS/Source/portable/GCC/ARM_CM4F/port.o
 .text.xPortStartScheduler
                0x0800b3b0      0x148 ./Middlewares/Third_Party/FreeRTOS/Source/portable/GCC/ARM_CM4F/port.o
                0x0800b3b0                xPortStartScheduler
 .text.vPortEnterCritical
                0x0800b4f8       0x64 ./Middlewares/Third_Party/FreeRTOS/Source/portable/GCC/ARM_CM4F/port.o
                0x0800b4f8                vPortEnterCritical
 .text.vPortExitCritical
                0x0800b55c       0x54 ./Middlewares/Third_Party/FreeRTOS/Source/portable/GCC/ARM_CM4F/port.o
                0x0800b55c                vPortExitCritical
 .text.PendSV_Handler
                0x0800b5b0       0x68 ./Middlewares/Third_Party/FreeRTOS/Source/portable/GCC/ARM_CM4F/port.o
                0x0800b5b0                PendSV_Handler
 .text.xPortSysTickHandler
                0x0800b618       0x44 ./Middlewares/Third_Party/FreeRTOS/Source/portable/GCC/ARM_CM4F/port.o
                0x0800b618                xPortSysTickHandler
 .text.vPortSetupTimerInterrupt
                0x0800b65c       0x48 ./Middlewares/Third_Party/FreeRTOS/Source/portable/GCC/ARM_CM4F/port.o
                0x0800b65c                vPortSetupTimerInterrupt
 .text.vPortEnableVFP
                0x0800b6a4       0x14 ./Middlewares/Third_Party/FreeRTOS/Source/portable/GCC/ARM_CM4F/port.o
 .text.vPortValidateInterruptPriority
                0x0800b6b8       0x84 ./Middlewares/Third_Party/FreeRTOS/Source/portable/GCC/ARM_CM4F/port.o
                0x0800b6b8                vPortValidateInterruptPriority
 .text.pvPortMalloc
                0x0800b73c      0x19c ./Middlewares/Third_Party/FreeRTOS/Source/portable/MemMang/heap_4.o
                0x0800b73c                pvPortMalloc
 .text.vPortFree
                0x0800b8d8       0xc8 ./Middlewares/Third_Party/FreeRTOS/Source/portable/MemMang/heap_4.o
                0x0800b8d8                vPortFree
 .text.prvHeapInit
                0x0800b9a0       0xc4 ./Middlewares/Third_Party/FreeRTOS/Source/portable/MemMang/heap_4.o
 .text.prvInsertBlockIntoFreeList
                0x0800ba64       0xb4 ./Middlewares/Third_Party/FreeRTOS/Source/portable/MemMang/heap_4.o
 .text._DoInit  0x0800bb18       0xb0 ./Middlewares/Third_Party/SystemView/SEGGER/SEGGER_RTT.o
 .text.SEGGER_RTT_ReadNoLock
                0x0800bbc8      0x10c ./Middlewares/Third_Party/SystemView/SEGGER/SEGGER_RTT.o
                0x0800bbc8                SEGGER_RTT_ReadNoLock
 .text.SEGGER_RTT_AllocUpBuffer
                0x0800bcd4      0x108 ./Middlewares/Third_Party/SystemView/SEGGER/SEGGER_RTT.o
                0x0800bcd4                SEGGER_RTT_AllocUpBuffer
 .text.SEGGER_RTT_ConfigDownBuffer
                0x0800bddc       0x98 ./Middlewares/Third_Party/SystemView/SEGGER/SEGGER_RTT.o
                0x0800bddc                SEGGER_RTT_ConfigDownBuffer
 .text._EncodeStr
                0x0800be74       0xa0 ./Middlewares/Third_Party/SystemView/SEGGER/SEGGER_SYSVIEW.o
 .text._PreparePacket
                0x0800bf14       0x18 ./Middlewares/Third_Party/SystemView/SEGGER/SEGGER_SYSVIEW.o
 .text._HandleIncomingPacket
                0x0800bf2c       0xe0 ./Middlewares/Third_Party/SystemView/SEGGER/SEGGER_SYSVIEW.o
 .text._TrySendOverflowPacket
                0x0800c00c       0xe4 ./Middlewares/Third_Party/SystemView/SEGGER/SEGGER_SYSVIEW.o
 .text._SendPacket
                0x0800c0f0      0x1cc ./Middlewares/Third_Party/SystemView/SEGGER/SEGGER_SYSVIEW.o
 .text.SEGGER_SYSVIEW_Init
                0x0800c2bc       0x88 ./Middlewares/Third_Party/SystemView/SEGGER/SEGGER_SYSVIEW.o
                0x0800c2bc                SEGGER_SYSVIEW_Init
 .text.SEGGER_SYSVIEW_SetRAMBase
                0x0800c344       0x20 ./Middlewares/Third_Party/SystemView/SEGGER/SEGGER_SYSVIEW.o
                0x0800c344                SEGGER_SYSVIEW_SetRAMBase
 .text.SEGGER_SYSVIEW_RecordVoid
                0x0800c364       0x3c ./Middlewares/Third_Party/SystemView/SEGGER/SEGGER_SYSVIEW.o
                0x0800c364                SEGGER_SYSVIEW_RecordVoid
 .text.SEGGER_SYSVIEW_RecordU32
                0x0800c3a0       0x78 ./Middlewares/Third_Party/SystemView/SEGGER/SEGGER_SYSVIEW.o
                0x0800c3a0                SEGGER_SYSVIEW_RecordU32
 .text.SEGGER_SYSVIEW_RecordU32x2
                0x0800c418       0xb4 ./Middlewares/Third_Party/SystemView/SEGGER/SEGGER_SYSVIEW.o
                0x0800c418                SEGGER_SYSVIEW_RecordU32x2
 .text.SEGGER_SYSVIEW_RecordU32x3
                0x0800c4cc       0xec ./Middlewares/Third_Party/SystemView/SEGGER/SEGGER_SYSVIEW.o
                0x0800c4cc                SEGGER_SYSVIEW_RecordU32x3
 .text.SEGGER_SYSVIEW_RecordU32x4
                0x0800c5b8      0x124 ./Middlewares/Third_Party/SystemView/SEGGER/SEGGER_SYSVIEW.o
                0x0800c5b8                SEGGER_SYSVIEW_RecordU32x4
 .text.SEGGER_SYSVIEW_Start
                0x0800c6dc      0x174 ./Middlewares/Third_Party/SystemView/SEGGER/SEGGER_SYSVIEW.o
                0x0800c6dc                SEGGER_SYSVIEW_Start
 .text.SEGGER_SYSVIEW_Stop
                0x0800c850       0x4c ./Middlewares/Third_Party/SystemView/SEGGER/SEGGER_SYSVIEW.o
                0x0800c850                SEGGER_SYSVIEW_Stop
 .text.SEGGER_SYSVIEW_GetSysDesc
                0x0800c89c      0x134 ./Middlewares/Third_Party/SystemView/SEGGER/SEGGER_SYSVIEW.o
                0x0800c89c                SEGGER_SYSVIEW_GetSysDesc
 .text.SEGGER_SYSVIEW_SendTaskInfo
                0x0800c9d0      0x1c8 ./Middlewares/Third_Party/SystemView/SEGGER/SEGGER_SYSVIEW.o
                0x0800c9d0                SEGGER_SYSVIEW_SendTaskInfo
 .text.SEGGER_SYSVIEW_SendTaskList
                0x0800cb98       0x28 ./Middlewares/Third_Party/SystemView/SEGGER/SEGGER_SYSVIEW.o
                0x0800cb98                SEGGER_SYSVIEW_SendTaskList
 .text.SEGGER_SYSVIEW_SendSysDesc
                0x0800cbc0       0x48 ./Middlewares/Third_Party/SystemView/SEGGER/SEGGER_SYSVIEW.o
                0x0800cbc0                SEGGER_SYSVIEW_SendSysDesc
 .text.SEGGER_SYSVIEW_RecordSystime
                0x0800cc08       0x64 ./Middlewares/Third_Party/SystemView/SEGGER/SEGGER_SYSVIEW.o
                0x0800cc08                SEGGER_SYSVIEW_RecordSystime
 .text.SEGGER_SYSVIEW_OnIdle
                0x0800cc6c       0x38 ./Middlewares/Third_Party/SystemView/SEGGER/SEGGER_SYSVIEW.o
                0x0800cc6c                SEGGER_SYSVIEW_OnIdle
 .text.SEGGER_SYSVIEW_OnTaskCreate
                0x0800cca4       0x84 ./Middlewares/Third_Party/SystemView/SEGGER/SEGGER_SYSVIEW.o
                0x0800cca4                SEGGER_SYSVIEW_OnTaskCreate
 .text.SEGGER_SYSVIEW_OnTaskStartExec
                0x0800cd28       0x84 ./Middlewares/Third_Party/SystemView/SEGGER/SEGGER_SYSVIEW.o
                0x0800cd28                SEGGER_SYSVIEW_OnTaskStartExec
 .text.SEGGER_SYSVIEW_OnTaskStartReady
                0x0800cdac       0x84 ./Middlewares/Third_Party/SystemView/SEGGER/SEGGER_SYSVIEW.o
                0x0800cdac                SEGGER_SYSVIEW_OnTaskStartReady
 .text.SEGGER_SYSVIEW_ShrinkId
                0x0800ce30       0x20 ./Middlewares/Third_Party/SystemView/SEGGER/SEGGER_SYSVIEW.o
                0x0800ce30                SEGGER_SYSVIEW_ShrinkId
 .text.SEGGER_SYSVIEW_SendModule
                0x0800ce50      0x100 ./Middlewares/Third_Party/SystemView/SEGGER/SEGGER_SYSVIEW.o
                0x0800ce50                SEGGER_SYSVIEW_SendModule
 .text.SEGGER_SYSVIEW_SendModuleDescription
                0x0800cf50       0x3c ./Middlewares/Third_Party/SystemView/SEGGER/SEGGER_SYSVIEW.o
                0x0800cf50                SEGGER_SYSVIEW_SendModuleDescription
 .text.SEGGER_SYSVIEW_SendNumModules
                0x0800cf8c       0x7c ./Middlewares/Third_Party/SystemView/SEGGER/SEGGER_SYSVIEW.o
                0x0800cf8c                SEGGER_SYSVIEW_SendNumModules
 .text.SEGGER_SYSVIEW_Warn
                0x0800d008       0xb8 ./Middlewares/Third_Party/SystemView/SEGGER/SEGGER_SYSVIEW.o
                0x0800d008                SEGGER_SYSVIEW_Warn
 .text.__NVIC_EnableIRQ
                0x0800d0c0       0x3c ./Middlewares/Third_Party/SystemView/Sample/FreeRTOS/Config/SEGGER_SYSVIEW_Config_FreeRTOS.o
 .text.LL_APB1_GRP1_EnableClock
                0x0800d0fc       0x30 ./Middlewares/Third_Party/SystemView/Sample/FreeRTOS/Config/SEGGER_SYSVIEW_Config_FreeRTOS.o
 .text.LL_TIM_EnableCounter
                0x0800d12c       0x20 ./Middlewares/Third_Party/SystemView/Sample/FreeRTOS/Config/SEGGER_SYSVIEW_Config_FreeRTOS.o
 .text.LL_TIM_SetPrescaler
                0x0800d14c       0x1c ./Middlewares/Third_Party/SystemView/Sample/FreeRTOS/Config/SEGGER_SYSVIEW_Config_FreeRTOS.o
 .text.LL_TIM_ClearFlag_UPDATE
                0x0800d168       0x1c ./Middlewares/Third_Party/SystemView/Sample/FreeRTOS/Config/SEGGER_SYSVIEW_Config_FreeRTOS.o
 .text.LL_TIM_IsActiveFlag_UPDATE
                0x0800d184       0x26 ./Middlewares/Third_Party/SystemView/Sample/FreeRTOS/Config/SEGGER_SYSVIEW_Config_FreeRTOS.o
 .text.LL_TIM_EnableIT_UPDATE
                0x0800d1aa       0x20 ./Middlewares/Third_Party/SystemView/Sample/FreeRTOS/Config/SEGGER_SYSVIEW_Config_FreeRTOS.o
 *fill*         0x0800d1ca        0x2 
 .text._cbSendSystemDesc
                0x0800d1cc       0x14 ./Middlewares/Third_Party/SystemView/Sample/FreeRTOS/Config/SEGGER_SYSVIEW_Config_FreeRTOS.o
 .text.TIM7_IRQHandler
                0x0800d1e0       0x2c ./Middlewares/Third_Party/SystemView/Sample/FreeRTOS/Config/SEGGER_SYSVIEW_Config_FreeRTOS.o
                0x0800d1e0                TIM7_IRQHandler
 .text.SEGGER_SYSVIEW_TimeStampInit
                0x0800d20c       0x48 ./Middlewares/Third_Party/SystemView/Sample/FreeRTOS/Config/SEGGER_SYSVIEW_Config_FreeRTOS.o
 .text.SEGGER_SYSVIEW_Conf
                0x0800d254       0x30 ./Middlewares/Third_Party/SystemView/Sample/FreeRTOS/Config/SEGGER_SYSVIEW_Config_FreeRTOS.o
                0x0800d254                SEGGER_SYSVIEW_Conf
 .text._cbSendTaskList
                0x0800d284       0xbc ./Middlewares/Third_Party/SystemView/Sample/FreeRTOS/SEGGER_SYSVIEW_FreeRTOS.o
 .text._cbGetTime
                0x0800d340       0x86 ./Middlewares/Third_Party/SystemView/Sample/FreeRTOS/SEGGER_SYSVIEW_FreeRTOS.o
 *fill*         0x0800d3c6        0x2 
 .text.SYSVIEW_AddTask
                0x0800d3c8       0xd0 ./Middlewares/Third_Party/SystemView/Sample/FreeRTOS/SEGGER_SYSVIEW_FreeRTOS.o
                0x0800d3c8                SYSVIEW_AddTask
 .text.SYSVIEW_SendTaskInfo
                0x0800d498       0x42 ./Middlewares/Third_Party/SystemView/Sample/FreeRTOS/SEGGER_SYSVIEW_FreeRTOS.o
                0x0800d498                SYSVIEW_SendTaskInfo
 .text.__itoa   0x0800d4da       0x30 /usr/lib/gcc/arm-none-eabi/14.2.0/../../../../arm-none-eabi/lib/thumb/v7e-m+fp/hard/libc_nano.a(libc_a-itoa.o)
                0x0800d4da                __itoa
 .text.itoa     0x0800d50a        0x4 /usr/lib/gcc/arm-none-eabi/14.2.0/../../../../arm-none-eabi/lib/thumb/v7e-m+fp/hard/libc_nano.a(libc_a-itoa.o)
                0x0800d50a                itoa
 *fill*         0x0800d50e        0x2 
 .text.malloc   0x0800d510       0x10 /usr/lib/gcc/arm-none-eabi/14.2.0/../../../../arm-none-eabi/lib/thumb/v7e-m+fp/hard/libc_nano.a(libc_a-malloc.o)
                0x0800d510                malloc
 .text.sbrk_aligned
                0x0800d520       0x44 /usr/lib/gcc/arm-none-eabi/14.2.0/../../../../arm-none-eabi/lib/thumb/v7e-m+fp/hard/libc_nano.a(libc_a-mallocr.o)
 .text._malloc_r
                0x0800d564      0x100 /usr/lib/gcc/arm-none-eabi/14.2.0/../../../../arm-none-eabi/lib/thumb/v7e-m+fp/hard/libc_nano.a(libc_a-mallocr.o)
                0x0800d564                _malloc_r
 .text.__malloc_lock
                0x0800d664        0xc /usr/lib/gcc/arm-none-eabi/14.2.0/../../../../arm-none-eabi/lib/thumb/v7e-m+fp/hard/libc_nano.a(libc_a-mlock.o)
                0x0800d664                __malloc_lock
 .text.__malloc_unlock
                0x0800d670        0xc /usr/lib/gcc/arm-none-eabi/14.2.0/../../../../arm-none-eabi/lib/thumb/v7e-m+fp/hard/libc_nano.a(libc_a-mlock.o)
                0x0800d670                __malloc_unlock
 .text.__utoa   0x0800d67c       0x84 /usr/lib/gcc/arm-none-eabi/14.2.0/../../../../arm-none-eabi/lib/thumb/v7e-m+fp/hard/libc_nano.a(libc_a-utoa.o)
                0x0800d67c                __utoa
 .text.memcmp   0x0800d700       0x20 /usr/lib/gcc/arm-none-eabi/14.2.0/../../../../arm-none-eabi/lib/thumb/v7e-m+fp/hard/libc_nano.a(libc_a-memcmp.o)
                0x0800d700                memcmp
 .text.memset   0x0800d720       0x10 /usr/lib/gcc/arm-none-eabi/14.2.0/../../../../arm-none-eabi/lib/thumb/v7e-m+fp/hard/libc_nano.a(libc_a-memset.o)
                0x0800d720                memset
 .text._reclaim_reent
                0x0800d730       0xbc /usr/lib/gcc/arm-none-eabi/14.2.0/../../../../arm-none-eabi/lib/thumb/v7e-m+fp/hard/libc_nano.a(libc_a-reent.o)
                0x0800d730                _reclaim_reent
 .text._sbrk_r  0x0800d7ec       0x20 /usr/lib/gcc/arm-none-eabi/14.2.0/../../../../arm-none-eabi/lib/thumb/v7e-m+fp/hard/libc_nano.a(libc_a-sbrkr.o)
                0x0800d7ec                _sbrk_r
 .text.__errno  0x0800d80c        0xc /usr/lib/gcc/arm-none-eabi/14.2.0/../../../../arm-none-eabi/lib/thumb/v7e-m+fp/hard/libc_nano.a(libc_a-errno.o)
                0x0800d80c                __errno
 .text.__libc_init_array
                0x0800d818       0x48 /usr/lib/gcc/arm-none-eabi/14.2.0/../../../../arm-none-eabi/lib/thumb/v7e-m+fp/hard/libc_nano.a(libc_a-init.o)
                0x0800d818                __libc_init_array
 .text.__retarget_lock_acquire_recursive
                0x0800d860        0x2 /usr/lib/gcc/arm-none-eabi/14.2.0/../../../../arm-none-eabi/lib/thumb/v7e-m+fp/hard/libc_nano.a(libc_a-lock.o)
                0x0800d860                __retarget_lock_acquire_recursive
 .text.__retarget_lock_release_recursive
                0x0800d862        0x2 /usr/lib/gcc/arm-none-eabi/14.2.0/../../../../arm-none-eabi/lib/thumb/v7e-m+fp/hard/libc_nano.a(libc_a-lock.o)
                0x0800d862                __retarget_lock_release_recursive
 .text.memcpy   0x0800d864       0x1c /usr/lib/gcc/arm-none-eabi/14.2.0/../../../../arm-none-eabi/lib/thumb/v7e-m+fp/hard/libc_nano.a(libc_a-memcpy-stub.o)
                0x0800d864                memcpy
 .text._free_r  0x0800d880       0x94 /usr/lib/gcc/arm-none-eabi/14.2.0/../../../../arm-none-eabi/lib/thumb/v7e-m+fp/hard/libc_nano.a(libc_a-freer.o)
                0x0800d880                _free_r
 .text.fmod     0x0800d914       0x6c /usr/lib/gcc/arm-none-eabi/14.2.0/../../../../arm-none-eabi/lib/thumb/v7e-m+fp/hard/libm.a(libm_a-w_fmod.o)
                0x0800d914                fmod
 .text.pow      0x0800d980       0xf0 /usr/lib/gcc/arm-none-eabi/14.2.0/../../../../arm-none-eabi/lib/thumb/v7e-m+fp/hard/libm.a(libm_a-w_pow.o)
                0x0800d980                pow
 .text.sqrt     0x0800da70       0x68 /usr/lib/gcc/arm-none-eabi/14.2.0/../../../../arm-none-eabi/lib/thumb/v7e-m+fp/hard/libm.a(libm_a-w_sqrt.o)
                0x0800da70                sqrt
 .text.sin      0x0800dad8       0x90 /usr/lib/gcc/arm-none-eabi/14.2.0/../../../../arm-none-eabi/lib/thumb/v7e-m+fp/hard/libm.a(libm_a-s_sin.o)
                0x0800dad8                sin
 .text.finite   0x0800db68       0x18 /usr/lib/gcc/arm-none-eabi/14.2.0/../../../../arm-none-eabi/lib/thumb/v7e-m+fp/hard/libm.a(libm_a-s_finite.o)
                0x0800db68                finite
 .text.__ieee754_sqrt
                0x0800db80      0x1f0 /usr/lib/gcc/arm-none-eabi/14.2.0/../../../../arm-none-eabi/lib/thumb/v7e-m+fp/hard/libm.a(libm_a-e_sqrt.o)
                0x0800db80                __ieee754_sqrt
 .text.__kernel_cos
                0x0800dd70      0x26c /usr/lib/gcc/arm-none-eabi/14.2.0/../../../../arm-none-eabi/lib/thumb/v7e-m+fp/hard/libm.a(libm_a-k_cos.o)
                0x0800dd70                __kernel_cos
 *fill*         0x0800dfdc        0x4 
 .text.__kernel_sin
                0x0800dfe0      0x184 /usr/lib/gcc/arm-none-eabi/14.2.0/../../../../arm-none-eabi/lib/thumb/v7e-m+fp/hard/libm.a(libm_a-k_sin.o)
                0x0800dfe0                __kernel_sin
 .text.__ieee754_fmod
                0x0800e164      0x3ac /usr/lib/gcc/arm-none-eabi/14.2.0/../../../../arm-none-eabi/lib/thumb/v7e-m+fp/hard/libm.a(libm_a-e_fmod.o)
                0x0800e164                __ieee754_fmod
 .text.__ieee754_pow
                0x0800e510      0xc7c /usr/lib/gcc/arm-none-eabi/14.2.0/../../../../arm-none-eabi/lib/thumb/v7e-m+fp/hard/libm.a(libm_a-e_pow.o)
                0x0800e510                __ieee754_pow
 *fill*         0x0800f18c        0x4 
 .text.__ieee754_rem_pio2
                0x0800f190      0x424 /usr/lib/gcc/arm-none-eabi/14.2.0/../../../../arm-none-eabi/lib/thumb/v7e-m+fp/hard/libm.a(libm_a-e_rem_pio2.o)
                0x0800f190                __ieee754_rem_pio2
 .text.fabs     0x0800f5b4       0x10 /usr/lib/gcc/arm-none-eabi/14.2.0/../../../../arm-none-eabi/lib/thumb/v7e-m+fp/hard/libm.a(libm_a-s_fabs.o)
                0x0800f5b4                fabs
 *fill*         0x0800f5c4        0x4 
 .text.scalbn   0x0800f5c8      0x114 /usr/lib/gcc/arm-none-eabi/14.2.0/../../../../arm-none-eabi/lib/thumb/v7e-m+fp/hard/libm.a(libm_a-s_scalbn.o)
                0x0800f5c8                scalbn
 .text.with_errno
                0x0800f6dc       0x24 /usr/lib/gcc/arm-none-eabi/14.2.0/../../../../arm-none-eabi/lib/thumb/v7e-m+fp/hard/libm.a(libm_a-math_err.o)
 .text.xflow    0x0800f700       0x34 /usr/lib/gcc/arm-none-eabi/14.2.0/../../../../arm-none-eabi/lib/thumb/v7e-m+fp/hard/libm.a(libm_a-math_err.o)
 *fill*         0x0800f734        0x4 
 .text.__math_uflow
                0x0800f738       0x10 /usr/lib/gcc/arm-none-eabi/14.2.0/../../../../arm-none-eabi/lib/thumb/v7e-m+fp/hard/libm.a(libm_a-math_err.o)
                0x0800f738                __math_uflow
 .text.__math_oflow
                0x0800f748       0x10 /usr/lib/gcc/arm-none-eabi/14.2.0/../../../../arm-none-eabi/lib/thumb/v7e-m+fp/hard/libm.a(libm_a-math_err.o)
                0x0800f748                __math_oflow
 .text.__kernel_rem_pio2
                0x0800f758      0x888 /usr/lib/gcc/arm-none-eabi/14.2.0/../../../../arm-none-eabi/lib/thumb/v7e-m+fp/hard/libm.a(libm_a-k_rem_pio2.o)
                0x0800f758                __kernel_rem_pio2
 .text.floor    0x0800ffe0      0x108 /usr/lib/gcc/arm-none-eabi/14.2.0/../../../../arm-none-eabi/lib/thumb/v7e-m+fp/hard/libm.a(libm_a-s_floor.o)
                0x0800ffe0                floor
 .text.__udivmoddi4
                0x080100e8      0x2bc /usr/lib/gcc/arm-none-eabi/14.2.0/thumb/v7e-m+fp/hard/libgcc.a(_udivmoddi4.o)
                0x080100e8                __udivmoddi4
 *(.glue_7)
 .glue_7        0x080103a4        0x0 linker stubs
 *(.glue_7t)
 .glue_7t       0x080103a4        0x0 linker stubs
 *(.eh_frame)
 .eh_frame      0x080103a4        0x0 /usr/lib/gcc/arm-none-eabi/14.2.0/thumb/v7e-m+fp/hard/crtbegin.o
 *(.init)
 .init          0x080103a4        0x4 /usr/lib/gcc/arm-none-eabi/14.2.0/thumb/v7e-m+fp/hard/crti.o
                0x080103a4                _init
 .init          0x080103a8        0x8 /usr/lib/gcc/arm-none-eabi/14.2.0/thumb/v7e-m+fp/hard/crtn.o
 *(.fini)
 .fini          0x080103b0        0x4 /usr/lib/gcc/arm-none-eabi/14.2.0/thumb/v7e-m+fp/hard/crti.o
                0x080103b0                _fini
 .fini          0x080103b4        0x8 /usr/lib/gcc/arm-none-eabi/14.2.0/thumb/v7e-m+fp/hard/crtn.o
                0x080103bc                        . = ALIGN (0x4)
                0x080103bc                        _etext = .

.vfp11_veneer   0x080103bc        0x0
 .vfp11_veneer  0x080103bc        0x0 linker stubs

.v4_bx          0x080103bc        0x0
 .v4_bx         0x080103bc        0x0 linker stubs

.iplt           0x080103bc        0x0
 .iplt          0x080103bc        0x0 /usr/lib/gcc/arm-none-eabi/14.2.0/thumb/v7e-m+fp/hard/crtbegin.o

.rodata         0x080103c0     0x1590
                0x080103c0                        . = ALIGN (0x4)
 *(.rodata)
 .rodata        0x080103c0       0x82 ./Core/Src/ApplicationCode.o
 *fill*         0x08010442        0x2 
 .rodata        0x08010444        0xc ./Core/Src/main.o
 .rodata        0x08010450        0x5 ./Middlewares/Third_Party/FreeRTOS/Source/tasks.o
 *fill*         0x08010455        0x3 
 .rodata        0x08010458        0xd ./Middlewares/Third_Party/FreeRTOS/Source/timers.o
 *fill*         0x08010465        0x3 
 .rodata        0x08010468       0x17 ./Middlewares/Third_Party/SystemView/SEGGER/SEGGER_RTT.o
 *fill*         0x0801047f        0x1 
 .rodata        0x08010480        0x8 ./Middlewares/Third_Party/SystemView/SEGGER/SEGGER_SYSVIEW.o
 .rodata        0x08010488       0x33 ./Middlewares/Third_Party/SystemView/Sample/FreeRTOS/Config/SEGGER_SYSVIEW_Config_FreeRTOS.o
 *fill*         0x080104bb        0x1 
 .rodata        0x080104bc       0x58 ./Middlewares/Third_Party/SystemView/Sample/FreeRTOS/SEGGER_SYSVIEW_FreeRTOS.o
 *(.rodata*)
 .rodata.ASCII16x24_Table
                0x08010514     0x11d0 ./Core/Src/fonts.o
                0x08010514                ASCII16x24_Table
 .rodata.defaultTask_attributes
                0x080116e4       0x24 ./Core/Src/main.o
                0x080116e4                defaultTask_attributes
 .rodata.AHBPrescTable
                0x08011708       0x10 ./Core/Src/system_stm32f4xx.o
                0x08011708                AHBPrescTable
 .rodata._abSync
                0x08011718        0xa ./Middlewares/Third_Party/SystemView/SEGGER/SEGGER_SYSVIEW.o
 *fill*         0x08011722        0x2 
 .rodata.SYSVIEW_X_OS_TraceAPI
                0x08011724        0x8 ./Middlewares/Third_Party/SystemView/Sample/FreeRTOS/SEGGER_SYSVIEW_FreeRTOS.o
                0x08011724                SYSVIEW_X_OS_TraceAPI
 .rodata.__utoa.str1.1
                0x0801172c       0x25 /usr/lib/gcc/arm-none-eabi/14.2.0/../../../../arm-none-eabi/lib/thumb/v7e-m+fp/hard/libc_nano.a(libc_a-utoa.o)
 *fill*         0x08011751        0x7 
 .rodata.tiny   0x08011758        0x8 /usr/lib/gcc/arm-none-eabi/14.2.0/../../../../arm-none-eabi/lib/thumb/v7e-m+fp/hard/libm.a(libm_a-e_sqrt.o)
 .rodata.one    0x08011760        0x8 /usr/lib/gcc/arm-none-eabi/14.2.0/../../../../arm-none-eabi/lib/thumb/v7e-m+fp/hard/libm.a(libm_a-e_sqrt.o)
 .rodata.Zero   0x08011768       0x10 /usr/lib/gcc/arm-none-eabi/14.2.0/../../../../arm-none-eabi/lib/thumb/v7e-m+fp/hard/libm.a(libm_a-e_fmod.o)
 .rodata.npio2_hw
                0x08011778       0x80 /usr/lib/gcc/arm-none-eabi/14.2.0/../../../../arm-none-eabi/lib/thumb/v7e-m+fp/hard/libm.a(libm_a-e_rem_pio2.o)
 .rodata.two_over_pi
                0x080117f8      0x108 /usr/lib/gcc/arm-none-eabi/14.2.0/../../../../arm-none-eabi/lib/thumb/v7e-m+fp/hard/libm.a(libm_a-e_rem_pio2.o)
 .rodata.PIo2   0x08011900       0x40 /usr/lib/gcc/arm-none-eabi/14.2.0/../../../../arm-none-eabi/lib/thumb/v7e-m+fp/hard/libm.a(libm_a-k_rem_pio2.o)
 .rodata.init_jk
                0x08011940       0x10 /usr/lib/gcc/arm-none-eabi/14.2.0/../../../../arm-none-eabi/lib/thumb/v7e-m+fp/hard/libm.a(libm_a-k_rem_pio2.o)
                0x08011950                        . = ALIGN (0x4)

.ARM.extab      0x08011950        0x0
                0x08011950                        . = ALIGN (0x4)
 *(.ARM.extab* .gnu.linkonce.armextab.*)
                0x08011950                        . = ALIGN (0x4)

.ARM            0x08011950        0x8
                0x08011950                        . = ALIGN (0x4)
                0x08011950                        __exidx_start = .
 *(.ARM.exidx*)
 .ARM.exidx.text.__udivmoddi4
                0x08011950        0x8 /usr/lib/gcc/arm-none-eabi/14.2.0/thumb/v7e-m+fp/hard/libgcc.a(_udivmoddi4.o)
                0x08011958                        __exidx_end = .
                0x08011958                        . = ALIGN (0x4)

.rel.dyn        0x08011958        0x0
 .rel.iplt      0x08011958        0x0 /usr/lib/gcc/arm-none-eabi/14.2.0/thumb/v7e-m+fp/hard/crtbegin.o

.preinit_array  0x08011958        0x0
                0x08011958                        . = ALIGN (0x4)
                0x08011958                        PROVIDE (__preinit_array_start = .)
 *(.preinit_array*)
                0x08011958                        PROVIDE (__preinit_array_end = .)
                0x08011958                        . = ALIGN (0x4)

.init_array     0x08011958        0x4
                0x08011958                        . = ALIGN (0x4)
                0x08011958                        PROVIDE (__init_array_start = .)
 *(SORT_BY_NAME(.init_array.*))
 *(.init_array*)
 .init_array    0x08011958        0x4 /usr/lib/gcc/arm-none-eabi/14.2.0/thumb/v7e-m+fp/hard/crtbegin.o
                0x0801195c                        PROVIDE (__init_array_end = .)
                0x0801195c                        . = ALIGN (0x4)

.fini_array     0x0801195c        0x4
                0x0801195c                        . = ALIGN (0x4)
                0x0801195c                        PROVIDE (__fini_array_start = .)
 *(SORT_BY_NAME(.fini_array.*))
 *(.fini_array*)
 .fini_array    0x0801195c        0x4 /usr/lib/gcc/arm-none-eabi/14.2.0/thumb/v7e-m+fp/hard/crtbegin.o
                0x08011960                        PROVIDE (__fini_array_end = .)
                0x08011960                        . = ALIGN (0x4)
                0x08011960                        _sidata = LOADADDR (.data)

.data           0x20000000      0x284 load address 0x08011960
                0x20000000                        . = ALIGN (0x4)
                0x20000000                        _sdata = .
 *(.data)
 *(.data*)
 .data.physics  0x20000000       0x10 ./Core/Src/ApplicationCode.o
                0x20000000                physics
 .data.disruptor_
                0x20000010        0xc ./Core/Src/ApplicationCode.o
                0x20000010                disruptor_
 .data.energy_store_
                0x2000001c        0x8 ./Core/Src/ApplicationCode.o
                0x2000001c                energy_store_
 .data.drone    0x20000024        0xc ./Core/Src/ApplicationCode.o
                0x20000024                drone
 .data.size_    0x20000030        0x8 ./Core/Src/ApplicationCode.o
                0x20000030                size_
 .data.obstacle_probability_
                0x20000038        0x8 ./Core/Src/ApplicationCode.o
                0x20000038                obstacle_probability_
 .data.waypoints_
                0x20000040       0x10 ./Core/Src/ApplicationCode.o
                0x20000040                waypoints_
 .data.holes_   0x20000050        0xc ./Core/Src/ApplicationCode.o
                0x20000050                holes_
 .data.maze_config
                0x2000005c       0x20 ./Core/Src/ApplicationCode.o
                0x2000005c                maze_config
 .data.disruptor_task_attr
                0x2000007c       0x24 ./Core/Src/ApplicationCode.o
 .data.gyro_polling_task_attr
                0x200000a0       0x24 ./Core/Src/ApplicationCode.o
 .data.game_comp_task_attr
                0x200000c4       0x24 ./Core/Src/ApplicationCode.o
 .data.lcd_display_task_attr
                0x200000e8       0x24 ./Core/Src/ApplicationCode.o
 .data.green_led_task_attr
                0x2000010c       0x24 ./Core/Src/ApplicationCode.o
 .data.red_led_task_attr
                0x20000130       0x24 ./Core/Src/ApplicationCode.o
 .data.game_end_status
                0x20000154       0xc0 ./Core/Src/ApplicationCode.o
 .data.CurrentTextColor
                0x20000214        0x2 ./Core/Src/LCD_Driver.o
 *fill*         0x20000216        0x2 
 .data.SpiTimeout
                0x20000218        0x4 ./Core/Src/LCD_Driver.o
                0x20000218                SpiTimeout
 .data.Font16x24
                0x2000021c        0x8 ./Core/Src/fonts.o
                0x2000021c                Font16x24
 .data.SystemCoreClock
                0x20000224        0x4 ./Core/Src/system_stm32f4xx.o
                0x20000224                SystemCoreClock
 .data.uwTickPrio
                0x20000228        0x4 ./Drivers/STM32F4xx_HAL_Driver/Src/stm32f4xx_hal.o
                0x20000228                uwTickPrio
 .data.uwTickFreq
                0x2000022c        0x1 ./Drivers/STM32F4xx_HAL_Driver/Src/stm32f4xx_hal.o
                0x2000022c                uwTickFreq
 *fill*         0x2000022d        0x3 
 .data.uxCriticalNesting
                0x20000230        0x4 ./Middlewares/Third_Party/FreeRTOS/Source/portable/GCC/ARM_CM4F/port.o
 .data._impure_ptr
                0x20000234        0x4 /usr/lib/gcc/arm-none-eabi/14.2.0/../../../../arm-none-eabi/lib/thumb/v7e-m+fp/hard/libc_nano.a(libc_a-impure.o)
                0x20000234                _impure_ptr
 .data._impure_data
                0x20000238       0x4c /usr/lib/gcc/arm-none-eabi/14.2.0/../../../../arm-none-eabi/lib/thumb/v7e-m+fp/hard/libc_nano.a(libc_a-impure.o)
                0x20000238                _impure_data
 *(.RamFunc)
 *(.RamFunc*)
                0x20000284                        . = ALIGN (0x4)
                0x20000284                        _edata = .
                0x08011be4                        _siccmram = LOADADDR (.ccmram)

.igot.plt       0x20000284        0x0 load address 0x08011be4
 .igot.plt      0x20000284        0x0 /usr/lib/gcc/arm-none-eabi/14.2.0/thumb/v7e-m+fp/hard/crtbegin.o

.ccmram         0x10000000        0x0 load address 0x08011be4
                0x10000000                        . = ALIGN (0x4)
                0x10000000                        _sccmram = .
 *(.ccmram)
 *(.ccmram*)
                0x10000000                        . = ALIGN (0x4)
                0x10000000                        _eccmram = .
                0x10000000                        . = ALIGN (0x4)

.bss            0x20000288    0x2b0ec
                0x20000288                        _sbss = .
                0x20000288                        __bss_start__ = _sbss
 *(.bss)
 *(.bss*)
 .bss.completed.1
                0x20000288        0x1 /usr/lib/gcc/arm-none-eabi/14.2.0/thumb/v7e-m+fp/hard/crtbegin.o
 *fill*         0x20000289        0x3 
 .bss.object.0  0x2000028c       0x18 /usr/lib/gcc/arm-none-eabi/14.2.0/thumb/v7e-m+fp/hard/crtbegin.o
 .bss.disruptor_task_id
                0x200002a4        0x4 ./Core/Src/ApplicationCode.o
 .bss.gyro_polling_task_id
                0x200002a8        0x4 ./Core/Src/ApplicationCode.o
 .bss.game_comp_task_id
                0x200002ac        0x4 ./Core/Src/ApplicationCode.o
 .bss.lcd_display_task_id
                0x200002b0        0x4 ./Core/Src/ApplicationCode.o
 .bss.green_led_task_id
                0x200002b4        0x4 ./Core/Src/ApplicationCode.o
 .bss.red_led_task_id
                0x200002b8        0x4 ./Core/Src/ApplicationCode.o
 .bss.event_group_id
                0x200002bc        0x4 ./Core/Src/ApplicationCode.o
 .bss.disruptor_start_sem_id
                0x200002c0        0x4 ./Core/Src/ApplicationCode.o
 .bss.disruptor_stop_sem_id
                0x200002c4        0x4 ./Core/Src/ApplicationCode.o
 .bss.xy_pos_dif_mutex_id
                0x200002c8        0x4 ./Core/Src/ApplicationCode.o
 .bss.xy_pos_mutex_id
                0x200002cc        0x4 ./Core/Src/ApplicationCode.o
 .bss.disruptor_eng_id
                0x200002d0        0x4 ./Core/Src/ApplicationCode.o
 .bss.game_time_mutex_id
                0x200002d4        0x4 ./Core/Src/ApplicationCode.o
 .bss.disruptor_usage_timer_id
                0x200002d8        0x4 ./Core/Src/ApplicationCode.o
 .bss.disruptor_recharge_timer_id
                0x200002dc        0x4 ./Core/Src/ApplicationCode.o
 .bss.game_timer_id
                0x200002e0        0x4 ./Core/Src/ApplicationCode.o
 .bss.hrng_ptr  0x200002e4        0x4 ./Core/Src/ApplicationCode.o
                0x200002e4                hrng_ptr
 .bss.xy_pos_dif
                0x200002e8       0x20 ./Core/Src/ApplicationCode.o
 .bss.xy_position
                0x20000308       0x10 ./Core/Src/ApplicationCode.o
 .bss.maze      0x20000318        0x4 ./Core/Src/ApplicationCode.o
 .bss.disruptor_energy
                0x2000031c        0x4 ./Core/Src/ApplicationCode.o
 .bss.game_score
                0x20000320        0x4 ./Core/Src/ApplicationCode.o
 .bss.game_time
                0x20000324        0x4 ./Core/Src/ApplicationCode.o
 .bss.HAL_Status
                0x20000328        0x1 ./Core/Src/Gyro_Driver.o
 *fill*         0x20000329        0x3 
 .bss.hltdc     0x2000032c       0xa8 ./Core/Src/LCD_Driver.o
 .bss.PeriphClkInitStruct
                0x200003d4       0x30 ./Core/Src/LCD_Driver.o
 .bss.LCD_Currentfonts
                0x20000404        0x4 ./Core/Src/LCD_Driver.o
 .bss.SpiHandle
                0x20000408       0x58 ./Core/Src/LCD_Driver.o
 .bss.frameBuffer
                0x20000460    0x25800 ./Core/Src/LCD_Driver.o
                0x20000460                frameBuffer
 .bss.Is_LCD_IO_Initialized
                0x20025c60        0x1 ./Core/Src/LCD_Driver.o
 *fill*         0x20025c61        0x3 
 .bss.hltdc     0x20025c64       0xa8 ./Core/Src/main.o
                0x20025c64                hltdc
 .bss.hrng      0x20025d0c       0x10 ./Core/Src/main.o
                0x20025d0c                hrng
 .bss.hspi5     0x20025d1c       0x58 ./Core/Src/main.o
                0x20025d1c                hspi5
 .bss.htim11    0x20025d74       0x48 ./Core/Src/main.o
                0x20025d74                htim11
 .bss.defaultTaskHandle
                0x20025dbc        0x4 ./Core/Src/main.o
                0x20025dbc                defaultTaskHandle
 .bss.__sbrk_heap_end
                0x20025dc0        0x4 ./Core/Src/sysmem.o
 .bss.uwTick    0x20025dc4        0x4 ./Drivers/STM32F4xx_HAL_Driver/Src/stm32f4xx_hal.o
                0x20025dc4                uwTick
 .bss.KernelState
                0x20025dc8        0x4 ./Middlewares/Third_Party/FreeRTOS/Source/CMSIS_RTOS_V2/cmsis_os2.o
 .bss.Idle_TCB.3
                0x20025dcc       0xa8 ./Middlewares/Third_Party/FreeRTOS/Source/CMSIS_RTOS_V2/cmsis_os2.o
 .bss.Idle_Stack.2
                0x20025e74      0x200 ./Middlewares/Third_Party/FreeRTOS/Source/CMSIS_RTOS_V2/cmsis_os2.o
 .bss.Timer_TCB.1
                0x20026074       0xa8 ./Middlewares/Third_Party/FreeRTOS/Source/CMSIS_RTOS_V2/cmsis_os2.o
 .bss.Timer_Stack.0
                0x2002611c      0x400 ./Middlewares/Third_Party/FreeRTOS/Source/CMSIS_RTOS_V2/cmsis_os2.o
 .bss.xQueueRegistry
                0x2002651c       0x40 ./Middlewares/Third_Party/FreeRTOS/Source/queue.o
                0x2002651c                xQueueRegistry
 .bss.pxCurrentTCB
                0x2002655c        0x4 ./Middlewares/Third_Party/FreeRTOS/Source/tasks.o
                0x2002655c                pxCurrentTCB
 .bss.pxReadyTasksLists
                0x20026560      0x460 ./Middlewares/Third_Party/FreeRTOS/Source/tasks.o
 .bss.xDelayedTaskList1
                0x200269c0       0x14 ./Middlewares/Third_Party/FreeRTOS/Source/tasks.o
 .bss.xDelayedTaskList2
                0x200269d4       0x14 ./Middlewares/Third_Party/FreeRTOS/Source/tasks.o
 .bss.pxDelayedTaskList
                0x200269e8        0x4 ./Middlewares/Third_Party/FreeRTOS/Source/tasks.o
 .bss.pxOverflowDelayedTaskList
                0x200269ec        0x4 ./Middlewares/Third_Party/FreeRTOS/Source/tasks.o
 .bss.xPendingReadyList
                0x200269f0       0x14 ./Middlewares/Third_Party/FreeRTOS/Source/tasks.o
 .bss.xTasksWaitingTermination
                0x20026a04       0x14 ./Middlewares/Third_Party/FreeRTOS/Source/tasks.o
 .bss.uxDeletedTasksWaitingCleanUp
                0x20026a18        0x4 ./Middlewares/Third_Party/FreeRTOS/Source/tasks.o
 .bss.xSuspendedTaskList
                0x20026a1c       0x14 ./Middlewares/Third_Party/FreeRTOS/Source/tasks.o
 .bss.uxCurrentNumberOfTasks
                0x20026a30        0x4 ./Middlewares/Third_Party/FreeRTOS/Source/tasks.o
 .bss.xTickCount
                0x20026a34        0x4 ./Middlewares/Third_Party/FreeRTOS/Source/tasks.o
 .bss.uxTopReadyPriority
                0x20026a38        0x4 ./Middlewares/Third_Party/FreeRTOS/Source/tasks.o
 .bss.xSchedulerRunning
                0x20026a3c        0x4 ./Middlewares/Third_Party/FreeRTOS/Source/tasks.o
 .bss.xPendedTicks
                0x20026a40        0x4 ./Middlewares/Third_Party/FreeRTOS/Source/tasks.o
 .bss.xYieldPending
                0x20026a44        0x4 ./Middlewares/Third_Party/FreeRTOS/Source/tasks.o
 .bss.xNumOfOverflows
                0x20026a48        0x4 ./Middlewares/Third_Party/FreeRTOS/Source/tasks.o
 .bss.uxTaskNumber
                0x20026a4c        0x4 ./Middlewares/Third_Party/FreeRTOS/Source/tasks.o
 .bss.xNextTaskUnblockTime
                0x20026a50        0x4 ./Middlewares/Third_Party/FreeRTOS/Source/tasks.o
 .bss.xIdleTaskHandle
                0x20026a54        0x4 ./Middlewares/Third_Party/FreeRTOS/Source/tasks.o
 .bss.uxSchedulerSuspended
                0x20026a58        0x4 ./Middlewares/Third_Party/FreeRTOS/Source/tasks.o
 .bss.xActiveTimerList1
                0x20026a5c       0x14 ./Middlewares/Third_Party/FreeRTOS/Source/timers.o
 .bss.xActiveTimerList2
                0x20026a70       0x14 ./Middlewares/Third_Party/FreeRTOS/Source/timers.o
 .bss.pxCurrentTimerList
                0x20026a84        0x4 ./Middlewares/Third_Party/FreeRTOS/Source/timers.o
 .bss.pxOverflowTimerList
                0x20026a88        0x4 ./Middlewares/Third_Party/FreeRTOS/Source/timers.o
 .bss.xTimerQueue
                0x20026a8c        0x4 ./Middlewares/Third_Party/FreeRTOS/Source/timers.o
 .bss.xTimerTaskHandle
                0x20026a90        0x4 ./Middlewares/Third_Party/FreeRTOS/Source/timers.o
 .bss.xLastTime.2
                0x20026a94        0x4 ./Middlewares/Third_Party/FreeRTOS/Source/timers.o
 .bss.ucStaticTimerQueueStorage.1
                0x20026a98       0xa0 ./Middlewares/Third_Party/FreeRTOS/Source/timers.o
 .bss.xStaticTimerQueue.0
                0x20026b38       0x50 ./Middlewares/Third_Party/FreeRTOS/Source/timers.o
 .bss.ucMaxSysCallPriority
                0x20026b88        0x1 ./Middlewares/Third_Party/FreeRTOS/Source/portable/GCC/ARM_CM4F/port.o
 *fill*         0x20026b89        0x3 
 .bss.ulMaxPRIGROUPValue
                0x20026b8c        0x4 ./Middlewares/Third_Party/FreeRTOS/Source/portable/GCC/ARM_CM4F/port.o
 .bss.ucHeap    0x20026b90     0x3c00 ./Middlewares/Third_Party/FreeRTOS/Source/portable/MemMang/heap_4.o
 .bss.xStart    0x2002a790        0x8 ./Middlewares/Third_Party/FreeRTOS/Source/portable/MemMang/heap_4.o
 .bss.pxEnd     0x2002a798        0x4 ./Middlewares/Third_Party/FreeRTOS/Source/portable/MemMang/heap_4.o
 .bss.xFreeBytesRemaining
                0x2002a79c        0x4 ./Middlewares/Third_Party/FreeRTOS/Source/portable/MemMang/heap_4.o
 .bss.xMinimumEverFreeBytesRemaining
                0x2002a7a0        0x4 ./Middlewares/Third_Party/FreeRTOS/Source/portable/MemMang/heap_4.o
 .bss.xNumberOfSuccessfulAllocations
                0x2002a7a4        0x4 ./Middlewares/Third_Party/FreeRTOS/Source/portable/MemMang/heap_4.o
 .bss.xNumberOfSuccessfulFrees
                0x2002a7a8        0x4 ./Middlewares/Third_Party/FreeRTOS/Source/portable/MemMang/heap_4.o
 .bss.xBlockAllocatedBit
                0x2002a7ac        0x4 ./Middlewares/Third_Party/FreeRTOS/Source/portable/MemMang/heap_4.o
 .bss._SEGGER_RTT
                0x2002a7b0       0xa8 ./Middlewares/Third_Party/SystemView/SEGGER/SEGGER_RTT.o
                0x2002a7b0                _SEGGER_RTT
 .bss._acUpBuffer
                0x2002a858      0x400 ./Middlewares/Third_Party/SystemView/SEGGER/SEGGER_RTT.o
 .bss._acDownBuffer
                0x2002ac58       0x10 ./Middlewares/Third_Party/SystemView/SEGGER/SEGGER_RTT.o
 .bss.SEGGER_SYSVIEW_TickCnt
                0x2002ac68        0x4 ./Middlewares/Third_Party/SystemView/SEGGER/SEGGER_SYSVIEW.o
                0x2002ac68                SEGGER_SYSVIEW_TickCnt
 .bss._UpBuffer
                0x2002ac6c      0x400 ./Middlewares/Third_Party/SystemView/SEGGER/SEGGER_SYSVIEW.o
 .bss._DownBuffer
                0x2002b06c        0x8 ./Middlewares/Third_Party/SystemView/SEGGER/SEGGER_SYSVIEW.o