../Core/Src/ApplicationCode.c:115:6:ApplicationInit	16	static
../Core/Src/ApplicationCode.c:179:6:read_xy_pos_dif	16	static
../Core/Src/ApplicationCode.c:190:6:write_xy_pos_dif	16	static
../Core/Src/ApplicationCode.c:201:6:read_xy_position	16	static
../Core/Src/ApplicationCode.c:210:6:write_xy_position	16	static
../Core/Src/ApplicationCode.c:219:6:EXTI0_IRQHandler	16	static
../Core/Src/ApplicationCode.c:238:6:read_disruptor_energy	16	static
../Core/Src/ApplicationCode.c:246:6:write_disruptor_energy	16	static
../Core/Src/ApplicationCode.c:261:6:disruptor_recharge	24	static
../Core/Src/ApplicationCode.c:270:6:disruptor_timer_end	16	static
../Core/Src/ApplicationCode.c:275:6:disruptor_task	40	static
../Core/Src/ApplicationCode.c:316:6:gyro_polling_task	256	static
../Core/Src/ApplicationCode.c:417:6:generate_maze	40	static
../Core/Src/ApplicationCode.c:443:6:get_nearby_walls	32	static
../Core/Src/ApplicationCode.c:488:6:generate_features	32	static
../Core/Src/ApplicationCode.c:511:6:game_time_decrement	16	static
../Core/Src/ApplicationCode.c:524:6:read_game_time	16	static
../Core/Src/ApplicationCode.c:532:6:write_game_time	16	static
../Core/Src/ApplicationCode.c:540:6:game_end	16	static
../Core/Src/ApplicationCode.c:556:6:game_comp_task	192	static
../Core/Src/ApplicationCode.c:737:6:lcd_draw_maze	48	static
../Core/Src/ApplicationCode.c:773:6:lcd_display_task	88	static
../Core/Src/ApplicationCode.c:826:6:green_led_task	32	static
../Core/Src/ApplicationCode.c:852:6:red_led_task	32	static
