../Core/Src/Gyro_Driver.c:21:6:Gyro_Init	8	static
../Core/Src/Gyro_Driver.c:36:6:Gyro_Power_On	16	static
../Core/Src/Gyro_Driver.c:66:6:Gyro_Reboot	16	static
../Core/Src/Gyro_Driver.c:89:9:Gyro_Get_Y_Velocity	16	static
../Core/Src/Gyro_Driver.c:117:9:Gyro_Get_X_Velocity	16	static
../Core/Src/Gyro_Driver.c:144:6:Gyro_Config_Regs	16	static
../Core/Src/Gyro_Driver.c:196:6:Gyro_HAL_Check	4	static
../Core/Src/Gyro_Driver.c:206:6:Gyro_Slave_Enable	8	static
../Core/Src/Gyro_Driver.c:214:6:Gyro_Slave_Disable	8	static
../Core/Src/Gyro_Driver.c:224:6:Gyro_Receive_Data	16	static
../Core/Src/Gyro_Driver.c:236:6:Gyro_Transmit_Data	16	static
