../Core/Src/LCD_Driver.c:31:6:LCD_GPIO_Init	56	static
../Core/Src/LCD_Driver.c:115:6:LTCD__Init	8	static
../Core/Src/LCD_Driver.c:166:6:LTCD_Layer_Init	72	static
../Core/Src/LCD_Driver.c:196:5:LCD_Draw_Pixel	16	static
../Core/Src/LCD_Driver.c:206:6:LCD_DrawChar	24	static
../Core/Src/LCD_Driver.c:226:6:LCD_DisplayChar	16	static
../Core/Src/LCD_Driver.c:232:6:LCD_DisplayString	24	static
../Core/Src/LCD_Driver.c:243:6:LCD_DisplayNumber	64	dynamic
../Core/Src/LCD_Driver.c:277:6:LCD_SetTextColor	16	static
../Core/Src/LCD_Driver.c:282:6:LCD_SetFont	16	static
../Core/Src/LCD_Driver.c:288:6:LCD_Draw_Circle_Fill	32	static
../Core/Src/LCD_Driver.c:302:6:LCD_Draw_Rectangle_Fill	32	static
../Core/Src/LCD_Driver.c:310:6:LCD_Draw_Vertical_Line	32	static
../Core/Src/LCD_Driver.c:319:6:LCD_Draw_Horizontal_Line	32	static
../Core/Src/LCD_Driver.c:327:6:LCD_Clear	24	static
../Core/Src/LCD_Driver.c:336:6:LCD_Error_Handler	4	static
../Core/Src/LCD_Driver.c:342:6:QuickDemo	16	static
../Core/Src/LCD_Driver.c:415:6:ili9341_Init	8	static
../Core/Src/LCD_Driver.c:546:6:ili9341_DisplayOn	8	static
../Core/Src/LCD_Driver.c:557:6:ili9341_DisplayOff	8	static
../Core/Src/LCD_Driver.c:568:6:ili9341_Write_Reg	16	static
../Core/Src/LCD_Driver.c:578:6:ili9341_Send_Data	16	static
../Core/Src/LCD_Driver.c:589:10:ili9341_ReadData	16	static
../Core/Src/LCD_Driver.c:601:13:SPI_Init	8	static
../Core/Src/LCD_Driver.c:639:17:SPI_Read	24	static
../Core/Src/LCD_Driver.c:660:13:SPI_Write	24	static
../Core/Src/LCD_Driver.c:678:13:SPI_Error	8	static
../Core/Src/LCD_Driver.c:691:13:SPI_MspInit	48	static
../Core/Src/LCD_Driver.c:715:6:LCD_IO_Init	40	static
../Core/Src/LCD_Driver.c:759:6:LCD_IO_WriteData	16	static
../Core/Src/LCD_Driver.c:775:6:LCD_IO_WriteReg	16	static
../Core/Src/LCD_Driver.c:794:10:LCD_IO_ReadData	24	static
../Core/Src/LCD_Driver.c:821:6:LCD_Delay	16	static
