../Core/Src/main.c:87:6:systemClockOverride	80	static
../Core/Src/main.c:121:5:main	8	static
../Core/Src/main.c:209:6:SystemClock_Config	88	static
../Core/Src/main.c:256:13:MX_DMA2D_Init	8	static
../Core/Src/main.c:293:13:MX_I2C3_Init	8	static
../Core/Src/main.c:341:13:MX_LTDC_Init	112	static
../Core/Src/main.c:423:13:MX_RNG_Init	8	static
../Core/Src/main.c:449:13:MX_SPI5_Init	8	static
../Core/Src/main.c:487:13:MX_TIM11_Init	8	static
../Core/Src/main.c:514:13:MX_FMC_Init	40	static
../Core/Src/main.c:565:13:MX_GPIO_Init	64	static
../Core/Src/main.c:690:6:StartDefaultTask	16	static
../Core/Src/main.c:706:6:Error_Handler	4	static
