../Core/Src/stm32f4xx_hal_msp.c:64:6:HAL_MspInit	16	static
../Core/Src/stm32f4xx_hal_msp.c:88:6:HAL_DMA2D_MspInit	24	static
../Core/Src/stm32f4xx_hal_msp.c:110:6:HAL_DMA2D_MspDeInit	16	static
../Core/Src/stm32f4xx_hal_msp.c:132:6:HAL_I2C_MspInit	48	static
../Core/Src/stm32f4xx_hal_msp.c:176:6:HAL_I2C_MspDeInit	16	static
../Core/Src/stm32f4xx_hal_msp.c:207:6:HAL_LTDC_MspInit	112	static
../Core/Src/stm32f4xx_hal_msp.c:331:6:HAL_LTDC_MspDeInit	16	static
../Core/Src/stm32f4xx_hal_msp.c:393:6:HAL_RNG_MspInit	24	static
../Core/Src/stm32f4xx_hal_msp.c:415:6:HAL_RNG_MspDeInit	16	static
../Core/Src/stm32f4xx_hal_msp.c:437:6:HAL_SPI_MspInit	48	static
../Core/Src/stm32f4xx_hal_msp.c:474:6:HAL_SPI_MspDeInit	16	static
../Core/Src/stm32f4xx_hal_msp.c:504:6:HAL_TIM_Base_MspInit	24	static
../Core/Src/stm32f4xx_hal_msp.c:526:6:HAL_TIM_Base_MspDeInit	16	static
../Core/Src/stm32f4xx_hal_msp.c:544:13:HAL_FMC_MspInit	32	static
../Core/Src/stm32f4xx_hal_msp.c:650:6:HAL_SDRAM_MspInit	16	static
../Core/Src/stm32f4xx_hal_msp.c:662:13:HAL_FMC_MspDeInit	8	static
../Core/Src/stm32f4xx_hal_msp.c:736:6:HAL_SDRAM_MspDeInit	16	static
